../Drivers/CMSIS/Include/core_cm7.h:2229:22:SCB_EnableICache	4	static,ignoring_inline_asm
../Drivers/CMSIS/Include/core_cm7.h:2281:22:SCB_EnableDCache	24	static,ignoring_inline_asm
../Core/Src/main.c:77:5:main	80	static
../Core/Src/main.c:157:6:SystemClock_Config	88	static
../Core/Src/main.c:203:13:MX_RTC_Init	72	static
../Core/Src/main.c:285:13:MX_USART3_UART_Init	8	static
../Core/Src/main.c:320:13:MX_USB_OTG_FS_PCD_Init	8	static
../Core/Src/main.c:355:13:MX_GPIO_Init	56	static
../Core/Src/main.c:410:6:Error_Handler	4	static,ignoring_inline_asm
