../Middlewares/Third_Party/LwIP/src/apps/sntp/sntp.c:292:1:sntp_process	216	static
../Middlewares/Third_Party/LwIP/src/apps/sntp/sntp.c:347:1:sntp_initialize_request	40	static
../Middlewares/Third_Party/LwIP/src/apps/sntp/sntp.c:383:1:sntp_retry	24	static
../Middlewares/Third_Party/LwIP/src/apps/sntp/sntp.c:453:1:sntp_recv	56	static
../Middlewares/Third_Party/LwIP/src/apps/sntp/sntp.c:561:1:sntp_send_request	24	static
../Middlewares/Third_Party/LwIP/src/apps/sntp/sntp.c:624:1:sntp_request	24	static
../Middlewares/Third_Party/LwIP/src/apps/sntp/sntp.c:669:1:sntp_init	8	static
../Middlewares/Third_Party/LwIP/src/apps/sntp/sntp.c:707:1:sntp_stop	16	static
../Middlewares/Third_Party/LwIP/src/apps/sntp/sntp.c:728:6:sntp_enabled	4	static
../Middlewares/Third_Party/LwIP/src/apps/sntp/sntp.c:739:1:sntp_setoperatingmode	16	static
../Middlewares/Third_Party/LwIP/src/apps/sntp/sntp.c:752:1:sntp_getoperatingmode	4	static
../Middlewares/Third_Party/LwIP/src/apps/sntp/sntp.c:765:1:sntp_getreachability	16	static
../Middlewares/Third_Party/LwIP/src/apps/sntp/sntp.c:798:1:sntp_setserver	16	static
../Middlewares/Third_Party/LwIP/src/apps/sntp/sntp.c:849:1:sntp_getserver	16	static
