Archive member included to satisfy reference by file (symbol)

C:/ST/STM32CubeIDE_1.14.1/STM32CubeIDE/plugins/com.st.stm32cube.ide.mcu.externaltools.gnu-tools-for-stm32.11.3.rel1.win32_1.1.100.202309141235/tools/bin/../lib/gcc/arm-none-eabi/11.3.1/../../../../arm-none-eabi/lib/thumb/v7e-m+fp/hard\libc_nano.a(libc_a-atoi.o)
                              ./Middlewares/Third_Party/LwIP/src/core/netif.o (atoi)
C:/ST/STM32CubeIDE_1.14.1/STM32CubeIDE/plugins/com.st.stm32cube.ide.mcu.externaltools.gnu-tools-for-stm32.11.3.rel1.win32_1.1.100.202309141235/tools/bin/../lib/gcc/arm-none-eabi/11.3.1/../../../../arm-none-eabi/lib/thumb/v7e-m+fp/hard\libc_nano.a(libc_a-exit.o)
                              C:/ST/STM32CubeIDE_1.14.1/STM32CubeIDE/plugins/com.st.stm32cube.ide.mcu.externaltools.gnu-tools-for-stm32.11.3.rel1.win32_1.1.100.202309141235/tools/bin/../lib/gcc/arm-none-eabi/11.3.1/../../../../arm-none-eabi/lib/thumb/v7e-m+fp/hard/crt0.o (exit)
C:/ST/STM32CubeIDE_1.14.1/STM32CubeIDE/plugins/com.st.stm32cube.ide.mcu.externaltools.gnu-tools-for-stm32.11.3.rel1.win32_1.1.100.202309141235/tools/bin/../lib/gcc/arm-none-eabi/11.3.1/../../../../arm-none-eabi/lib/thumb/v7e-m+fp/hard\libc_nano.a(libc_a-rand.o)
                              ./Middlewares/Third_Party/LwIP/src/apps/sntp/sntp.o (rand)
C:/ST/STM32CubeIDE_1.14.1/STM32CubeIDE/plugins/com.st.stm32cube.ide.mcu.externaltools.gnu-tools-for-stm32.11.3.rel1.win32_1.1.100.202309141235/tools/bin/../lib/gcc/arm-none-eabi/11.3.1/../../../../arm-none-eabi/lib/thumb/v7e-m+fp/hard\libc_nano.a(libc_a-strtol.o)
                              C:/ST/STM32CubeIDE_1.14.1/STM32CubeIDE/plugins/com.st.stm32cube.ide.mcu.externaltools.gnu-tools-for-stm32.11.3.rel1.win32_1.1.100.202309141235/tools/bin/../lib/gcc/arm-none-eabi/11.3.1/../../../../arm-none-eabi/lib/thumb/v7e-m+fp/hard\libc_nano.a(libc_a-atoi.o) (_strtol_r)
C:/ST/STM32CubeIDE_1.14.1/STM32CubeIDE/plugins/com.st.stm32cube.ide.mcu.externaltools.gnu-tools-for-stm32.11.3.rel1.win32_1.1.100.202309141235/tools/bin/../lib/gcc/arm-none-eabi/11.3.1/../../../../arm-none-eabi/lib/thumb/v7e-m+fp/hard\libc_nano.a(libc_a-ctype_.o)
                              ./Middlewares/Third_Party/LwIP/src/core/ipv4/ip4_addr.o (_ctype_)
C:/ST/STM32CubeIDE_1.14.1/STM32CubeIDE/plugins/com.st.stm32cube.ide.mcu.externaltools.gnu-tools-for-stm32.11.3.rel1.win32_1.1.100.202309141235/tools/bin/../lib/gcc/arm-none-eabi/11.3.1/../../../../arm-none-eabi/lib/thumb/v7e-m+fp/hard\libc_nano.a(libc_a-findfp.o)
                              C:/ST/STM32CubeIDE_1.14.1/STM32CubeIDE/plugins/com.st.stm32cube.ide.mcu.externaltools.gnu-tools-for-stm32.11.3.rel1.win32_1.1.100.202309141235/tools/bin/../lib/gcc/arm-none-eabi/11.3.1/../../../../arm-none-eabi/lib/thumb/v7e-m+fp/hard\libc_nano.a(libc_a-exit.o) (__stdio_exit_handler)
C:/ST/STM32CubeIDE_1.14.1/STM32CubeIDE/plugins/com.st.stm32cube.ide.mcu.externaltools.gnu-tools-for-stm32.11.3.rel1.win32_1.1.100.202309141235/tools/bin/../lib/gcc/arm-none-eabi/11.3.1/../../../../arm-none-eabi/lib/thumb/v7e-m+fp/hard\libc_nano.a(libc_a-fwalk.o)
                              C:/ST/STM32CubeIDE_1.14.1/STM32CubeIDE/plugins/com.st.stm32cube.ide.mcu.externaltools.gnu-tools-for-stm32.11.3.rel1.win32_1.1.100.202309141235/tools/bin/../lib/gcc/arm-none-eabi/11.3.1/../../../../arm-none-eabi/lib/thumb/v7e-m+fp/hard\libc_nano.a(libc_a-findfp.o) (_fwalk_sglue)
C:/ST/STM32CubeIDE_1.14.1/STM32CubeIDE/plugins/com.st.stm32cube.ide.mcu.externaltools.gnu-tools-for-stm32.11.3.rel1.win32_1.1.100.202309141235/tools/bin/../lib/gcc/arm-none-eabi/11.3.1/../../../../arm-none-eabi/lib/thumb/v7e-m+fp/hard\libc_nano.a(libc_a-printf.o)
                              ./LWIP/Target/ethernetif.o (printf)
C:/ST/STM32CubeIDE_1.14.1/STM32CubeIDE/plugins/com.st.stm32cube.ide.mcu.externaltools.gnu-tools-for-stm32.11.3.rel1.win32_1.1.100.202309141235/tools/bin/../lib/gcc/arm-none-eabi/11.3.1/../../../../arm-none-eabi/lib/thumb/v7e-m+fp/hard\libc_nano.a(libc_a-stdio.o)
                              C:/ST/STM32CubeIDE_1.14.1/STM32CubeIDE/plugins/com.st.stm32cube.ide.mcu.externaltools.gnu-tools-for-stm32.11.3.rel1.win32_1.1.100.202309141235/tools/bin/../lib/gcc/arm-none-eabi/11.3.1/../../../../arm-none-eabi/lib/thumb/v7e-m+fp/hard\libc_nano.a(libc_a-findfp.o) (__sread)
C:/ST/STM32CubeIDE_1.14.1/STM32CubeIDE/plugins/com.st.stm32cube.ide.mcu.externaltools.gnu-tools-for-stm32.11.3.rel1.win32_1.1.100.202309141235/tools/bin/../lib/gcc/arm-none-eabi/11.3.1/../../../../arm-none-eabi/lib/thumb/v7e-m+fp/hard\libc_nano.a(libc_a-memcmp.o)
                              ./Middlewares/Third_Party/LwIP/src/netif/bridgeif_fdb.o (memcmp)
C:/ST/STM32CubeIDE_1.14.1/STM32CubeIDE/plugins/com.st.stm32cube.ide.mcu.externaltools.gnu-tools-for-stm32.11.3.rel1.win32_1.1.100.202309141235/tools/bin/../lib/gcc/arm-none-eabi/11.3.1/../../../../arm-none-eabi/lib/thumb/v7e-m+fp/hard\libc_nano.a(libc_a-memmove.o)
                              ./Middlewares/Third_Party/LwIP/src/core/def.o (memmove)
[...]
Memory Configuration

Name             Origin             Length             Attributes
RAM              0x0000000020000000 0x0000000000050000 xrw
FLASH            0x0000000008000000 0x0000000000100000 xr
*default*        0x0000000000000000 0xffffffffffffffff

Linker script and memory map

LOAD C:/ST/STM32CubeIDE_1.14.1/STM32CubeIDE/plugins/com.st.stm32cube.ide.mcu.externaltools.gnu-tools-for-stm32.11.3.rel1.win32_1.1.100.202309141235/tools/bin/../lib/gcc/arm-none-eabi/11.3.1/thumb/v7e-m+fp/hard/crti.o
LOAD C:/ST/STM32CubeIDE_1.14.1/STM32CubeIDE/plugins/com.st.stm32cube.ide.mcu.externaltools.gnu-tools-for-stm32.11.3.rel1.win32_1.1.100.202309141235/tools/bin/../lib/gcc/arm-none-eabi/11.3.1/thumb/v7e-m+fp/hard/crtbegin.o
LOAD C:/ST/STM32CubeIDE_1.14.1/STM32CubeIDE/plugins/com.st.stm32cube.ide.mcu.externaltools.gnu-tools-for-stm32.11.3.rel1.win32_1.1.100.202309141235/tools/bin/../lib/gcc/arm-none-eabi/11.3.1/../../../../arm-none-eabi/lib/thumb/v7e-m+fp/hard/crt0.o
LOAD ./Core/Src/main.o
LOAD ./Core/Src/stm32f7xx_hal_msp.o
LOAD ./Core/Src/stm32f7xx_it.o
LOAD ./Core/Src/syscalls.o
LOAD ./Core/Src/sysmem.o
LOAD ./Core/Src/system_stm32f7xx.o
LOAD ./Core/Startup/startup_stm32f746zgtx.o
LOAD ./Drivers/BSP/Components/lan8742/lan8742.o
LOAD ./Drivers/STM32F7xx_HAL_Driver/Src/stm32f7xx_hal.o
LOAD ./Drivers/STM32F7xx_HAL_Driver/Src/stm32f7xx_hal_cortex.o
LOAD ./Drivers/STM32F7xx_HAL_Driver/Src/stm32f7xx_hal_dma.o
LOAD ./Drivers/STM32F7xx_HAL_Driver/Src/stm32f7xx_hal_dma_ex.o
LOAD ./Drivers/STM32F7xx_HAL_Driver/Src/stm32f7xx_hal_eth.o
LOAD ./Drivers/STM32F7xx_HAL_Driver/Src/stm32f7xx_hal_exti.o
LOAD ./Drivers/STM32F7xx_HAL_Driver/Src/stm32f7xx_hal_flash.o
LOAD ./Drivers/STM32F7xx_HAL_Driver/Src/stm32f7xx_hal_flash_ex.o
LOAD ./Drivers/STM32F7xx_HAL_Driver/Src/stm32f7xx_hal_gpio.o
LOAD ./Drivers/STM32F7xx_HAL_Driver/Src/stm32f7xx_hal_i2c.o
LOAD ./Drivers/STM32F7xx_HAL_Driver/Src/stm32f7xx_hal_i2c_ex.o
LOAD ./Drivers/STM32F7xx_HAL_Driver/Src/stm32f7xx_hal_pcd.o
LOAD ./Drivers/STM32F7xx_HAL_Driver/Src/stm32f7xx_hal_pcd_ex.o
LOAD ./Drivers/STM32F7xx_HAL_Driver/Src/stm32f7xx_hal_pwr.o
LOAD ./Drivers/STM32F7xx_HAL_Driver/Src/stm32f7xx_hal_pwr_ex.o
LOAD ./Drivers/STM32F7xx_HAL_Driver/Src/stm32f7xx_hal_rcc.o
LOAD ./Drivers/STM32F7xx_HAL_Driver/Src/stm32f7xx_hal_rcc_ex.o
LOAD ./Drivers/STM32F7xx_HAL_Driver/Src/stm32f7xx_hal_rtc.o
LOAD ./Drivers/STM32F7xx_HAL_Driver/Src/stm32f7xx_hal_rtc_ex.o
LOAD ./Drivers/STM32F7xx_HAL_Driver/Src/stm32f7xx_hal_tim.o
LOAD ./Drivers/STM32F7xx_HAL_Driver/Src/stm32f7xx_hal_tim_ex.o
LOAD ./Drivers/STM32F7xx_HAL_Driver/Src/stm32f7xx_hal_uart.o
LOAD ./Drivers/STM32F7xx_HAL_Driver/Src/stm32f7xx_hal_uart_ex.o
LOAD ./Drivers/STM32F7xx_HAL_Driver/Src/stm32f7xx_ll_usb.o
LOAD ./LWIP/App/lwip.o
LOAD ./LWIP/Target/ethernetif.o
LOAD ./Middlewares/Third_Party/LwIP/src/api/api_lib.o
LOAD ./Middlewares/Third_Party/LwIP/src/api/api_msg.o
LOAD ./Middlewares/Third_Party/LwIP/src/api/err.o
LOAD ./Middlewares/Third_Party/LwIP/src/api/if_api.o
LOAD ./Middlewares/Third_Party/LwIP/src/api/netbuf.o
LOAD ./Middlewares/Third_Party/LwIP/src/api/netdb.o
LOAD ./Middlewares/Third_Party/LwIP/src/api/netifapi.o
LOAD ./Middlewares/Third_Party/LwIP/src/api/sockets.o
LOAD ./Middlewares/Third_Party/LwIP/src/api/tcpip.o
LOAD ./Middlewares/Third_Party/LwIP/src/apps/mqtt/mqtt.o
LOAD ./Middlewares/Third_Party/LwIP/src/apps/sntp/sntp.o
LOAD ./Middlewares/Third_Party/LwIP/src/core/altcp.o
LOAD ./Middlewares/Third_Party/LwIP/src/core/altcp_alloc.o
LOAD ./Middlewares/Third_Party/LwIP/src/core/altcp_tcp.o
LOAD ./Middlewares/Third_Party/LwIP/src/core/def.o
LOAD ./Middlewares/Third_Party/LwIP/src/core/dns.o
LOAD ./Middlewares/Third_Party/LwIP/src/core/inet_chksum.o
LOAD ./Middlewares/Third_Party/LwIP/src/core/init.o
LOAD ./Middlewares/Third_Party/LwIP/src/core/ip.o
LOAD ./Middlewares/Third_Party/LwIP/src/core/mem.o
LOAD ./Middlewares/Third_Party/LwIP/src/core/memp.o
LOAD ./Middlewares/Third_Party/LwIP/src/core/netif.o
LOAD ./Middlewares/Third_Party/LwIP/src/core/pbuf.o
LOAD ./Middlewares/Third_Party/LwIP/src/core/raw.o
LOAD ./Middlewares/Third_Party/LwIP/src/core/stats.o
LOAD ./Middlewares/Third_Party/LwIP/src/core/sys.o
LOAD ./Middlewares/Third_Party/LwIP/src/core/tcp.o
LOAD ./Middlewares/Third_Party/LwIP/src/core/tcp_in.o
LOAD ./Middlewares/Third_Party/LwIP/src/core/tcp_out.o
LOAD ./Middlewares/Third_Party/LwIP/src/core/timeouts.o
LOAD ./Middlewares/Third_Party/LwIP/src/core/udp.o
LOAD ./Middlewares/Third_Party/LwIP/src/core/ipv4/autoip.o
LOAD ./Middlewares/Third_Party/LwIP/src/core/ipv4/dhcp.o
LOAD ./Middlewares/Third_Party/LwIP/src/core/ipv4/etharp.o
LOAD ./Middlewares/Third_Party/LwIP/src/core/ipv4/icmp.o
LOAD ./Middlewares/Third_Party/LwIP/src/core/ipv4/igmp.o
LOAD ./Middlewares/Third_Party/LwIP/src/core/ipv4/ip4.o
LOAD ./Middlewares/Third_Party/LwIP/src/core/ipv4/ip4_addr.o
LOAD ./Middlewares/Third_Party/LwIP/src/core/ipv4/ip4_frag.o
LOAD ./Middlewares/Third_Party/LwIP/src/core/ipv6/dhcp6.o
LOAD ./Middlewares/Third_Party/LwIP/src/core/ipv6/ethip6.o
LOAD ./Middlewares/Third_Party/LwIP/src/core/ipv6/icmp6.o
LOAD ./Middlewares/Third_Party/LwIP/src/core/ipv6/inet6.o
LOAD ./Middlewares/Third_Party/LwIP/src/core/ipv6/ip6.o
LOAD ./Middlewares/Third_Party/LwIP/src/core/ipv6/ip6_addr.o
LOAD ./Middlewares/Third_Party/LwIP/src/core/ipv6/ip6_frag.o
LOAD ./Middlewares/Third_Party/LwIP/src/core/ipv6/mld6.o
LOAD ./Middlewares/Third_Party/LwIP/src/core/ipv6/nd6.o
LOAD ./Middlewares/Third_Party/LwIP/src/netif/bridgeif.o
LOAD ./Middlewares/Third_Party/LwIP/src/netif/bridgeif_fdb.o
LOAD ./Middlewares/Third_Party/LwIP/src/netif/ethernet.o
LOAD ./Middlewares/Third_Party/LwIP/src/netif/lowpan6.o
LOAD ./Middlewares/Third_Party/LwIP/src/netif/lowpan6_ble.o
LOAD ./Middlewares/Third_Party/LwIP/src/netif/lowpan6_common.o
LOAD ./Middlewares/Third_Party/LwIP/src/netif/slipif.o
LOAD ./Middlewares/Third_Party/LwIP/src/netif/zepif.o
LOAD ./Middlewares/Third_Party/LwIP/src/netif/ppp/auth.o
LOAD ./Middlewares/Third_Party/LwIP/src/netif/ppp/ccp.o
LOAD ./Middlewares/Third_Party/LwIP/src/netif/ppp/chap-md5.o
LOAD ./Middlewares/Third_Party/LwIP/src/netif/ppp/chap-new.o
LOAD ./Middlewares/Third_Party/LwIP/src/netif/ppp/chap_ms.o
LOAD ./Middlewares/Third_Party/LwIP/src/netif/ppp/demand.o
LOAD ./Middlewares/Third_Party/LwIP/src/netif/ppp/eap.o
LOAD ./Middlewares/Third_Party/LwIP/src/netif/ppp/ecp.o
LOAD ./Middlewares/Third_Party/LwIP/src/netif/ppp/eui64.o
LOAD ./Middlewares/Third_Party/LwIP/src/netif/ppp/fsm.o
LOAD ./Middlewares/Third_Party/LwIP/src/netif/ppp/ipcp.o
LOAD ./Middlewares/Third_Party/LwIP/src/netif/ppp/ipv6cp.o
LOAD ./Middlewares/Third_Party/LwIP/src/netif/ppp/lcp.o
LOAD ./Middlewares/Third_Party/LwIP/src/netif/ppp/magic.o
LOAD ./Middlewares/Third_Party/LwIP/src/netif/ppp/mppe.o
LOAD ./Middlewares/Third_Party/LwIP/src/netif/ppp/multilink.o
LOAD ./Middlewares/Third_Party/LwIP/src/netif/ppp/ppp.o
LOAD ./Middlewares/Third_Party/LwIP/src/netif/ppp/pppapi.o
LOAD ./Middlewares/Third_Party/LwIP/src/netif/ppp/pppcrypt.o
LOAD ./Middlewares/Third_Party/LwIP/src/netif/ppp/pppoe.o
LOAD ./Middlewares/Third_Party/LwIP/src/netif/ppp/pppol2tp.o
LOAD ./Middlewares/Third_Party/LwIP/src/netif/ppp/pppos.o
LOAD ./Middlewares/Third_Party/LwIP/src/netif/ppp/upap.o
LOAD ./Middlewares/Third_Party/LwIP/src/netif/ppp/utils.o
LOAD ./Middlewares/Third_Party/LwIP/src/netif/ppp/vj.o
START GROUP
LOAD C:/ST/STM32CubeIDE_1.14.1/STM32CubeIDE/plugins/com.st.stm32cube.ide.mcu.externaltools.gnu-tools-for-stm32.11.3.rel1.win32_1.1.100.202309141235/tools/bin/../lib/gcc/arm-none-eabi/11.3.1/../../../../arm-none-eabi/lib/thumb/v7e-m+fp/hard\libc_nano.a
LOAD C:/ST/STM32CubeIDE_1.14.1/STM32CubeIDE/plugins/com.st.stm32cube.ide.mcu.externaltools.gnu-tools-for-stm32.11.3.rel1.win32_1.1.100.202309141235/tools/bin/../lib/gcc/arm-none-eabi/11.3.1/../../../../arm-none-eabi/lib/thumb/v7e-m+fp/hard\libm.a
END GROUP
START GROUP
LOAD C:/ST/STM32CubeIDE_1.14.1/STM32CubeIDE/plugins/com.st.stm32cube.ide.mcu.externaltools.gnu-tools-for-stm32.11.3.rel1.win32_1.1.100.202309141235/tools/bin/../lib/gcc/arm-none-eabi/11.3.1/thumb/v7e-m+fp/hard\libgcc.a
LOAD C:/ST/STM32CubeIDE_1.14.1/STM32CubeIDE/plugins/com.st.stm32cube.ide.mcu.externaltools.gnu-tools-for-stm32.11.3.rel1.win32_1.1.100.202309141235/tools/bin/../lib/gcc/arm-none-eabi/11.3.1/../../../../arm-none-eabi/lib/thumb/v7e-m+fp/hard\libc_nano.a
END GROUP
START GROUP
LOAD C:/ST/STM32CubeIDE_1.14.1/STM32CubeIDE/plugins/com.st.stm32cube.ide.mcu.externaltools.gnu-tools-for-stm32.11.3.rel1.win32_1.1.100.202309141235/tools/bin/../lib/gcc/arm-none-eabi/11.3.1/thumb/v7e-m+fp/hard\libgcc.a
LOAD C:/ST/STM32CubeIDE_1.14.1/STM32CubeIDE/plugins/com.st.stm32cube.ide.mcu.externaltools.gnu-tools-for-stm32.11.3.rel1.win32_1.1.100.202309141235/tools/bin/../lib/gcc/arm-none-eabi/11.3.1/../../../../arm-none-eabi/lib/thumb/v7e-m+fp/hard\libc_nano.a
LOAD C:/ST/STM32CubeIDE_1.14.1/STM32CubeIDE/plugins/com.st.stm32cube.ide.mcu.externaltools.gnu-tools-for-stm32.11.3.rel1.win32_1.1.100.202309141235/tools/bin/../lib/gcc/arm-none-eabi/11.3.1/../../../../arm-none-eabi/lib/thumb/v7e-m+fp/hard\libnosys.a
END GROUP
START GROUP
LOAD C:/ST/STM32CubeIDE_1.14.1/STM32CubeIDE/plugins/com.st.stm32cube.ide.mcu.externaltools.gnu-tools-for-stm32.11.3.rel1.win32_1.1.100.202309141235/tools/bin/../lib/gcc/arm-none-eabi/11.3.1/thumb/v7e-m+fp/hard\libgcc.a
LOAD C:/ST/STM32CubeIDE_1.14.1/STM32CubeIDE/plugins/com.st.stm32cube.ide.mcu.externaltools.gnu-tools-for-stm32.11.3.rel1.win32_1.1.100.202309141235/tools/bin/../lib/gcc/arm-none-eabi/11.3.1/../../../../arm-none-eabi/lib/thumb/v7e-m+fp/hard\libc_nano.a
LOAD C:/ST/STM32CubeIDE_1.14.1/STM32CubeIDE/plugins/com.st.stm32cube.ide.mcu.externaltools.gnu-tools-for-stm32.11.3.rel1.win32_1.1.100.202309141235/tools/bin/../lib/gcc/arm-none-eabi/11.3.1/../../../../arm-none-eabi/lib/thumb/v7e-m+fp/hard\libnosys.a
END GROUP
LOAD C:/ST/STM32CubeIDE_1.14.1/STM32CubeIDE/plugins/com.st.stm32cube.ide.mcu.externaltools.gnu-tools-for-stm32.11.3.rel1.win32_1.1.100.202309141235/tools/bin/../lib/gcc/arm-none-eabi/11.3.1/thumb/v7e-m+fp/hard/crtend.o
LOAD C:/ST/STM32CubeIDE_1.14.1/STM32CubeIDE/plugins/com.st.stm32cube.ide.mcu.externaltools.gnu-tools-for-stm32.11.3.rel1.win32_1.1.100.202309141235/tools/bin/../lib/gcc/arm-none-eabi/11.3.1/thumb/v7e-m+fp/hard/crtn.o
                0x0000000020050000                _estack = (ORIGIN (RAM) + LENGTH (RAM))
                0x0000000000000200                _Min_Heap_Size = 0x200
                0x0000000000000400                _Min_Stack_Size = 0x400

.isr_vector     0x0000000008000000      0x1c8
                0x0000000008000000                . = ALIGN (0x4)
 *(.isr_vector)
 .isr_vector    0x0000000008000000      0x1c8 ./Core/Startup/startup_stm32f746zgtx.o
                0x0000000008000000                g_pfnVectors
                0x00000000080001c8                . = ALIGN (0x4)

.text           0x00000000080001d0     0xbbd4
                0x00000000080001d0                . = ALIGN (0x4)
 *(.text)
 .text          0x00000000080001d0       0x40 C:/ST/STM32CubeIDE_1.14.1/STM32CubeIDE/plugins/com.st.stm32cube.ide.mcu.externaltools.gnu-tools-for-stm32.11.3.rel1.win32_1.1.100.202309141235/tools/bin/../lib/gcc/arm-none-eabi/11.3.1/thumb/v7e-m+fp/hard/crtbegin.o
 .text          0x0000000008000210       0x14 C:/ST/STM32CubeIDE_1.14.1/STM32CubeIDE/plugins/com.st.stm32cube.ide.mcu.externaltools.gnu-tools-for-stm32.11.3.rel1.win32_1.1.100.202309141235/tools/bin/../lib/gcc/arm-none-eabi/11.3.1/../../../../arm-none-eabi/lib/thumb/v7e-m+fp/hard\libc_nano.a(libc_a-strcmp.o)
                0x0000000008000210                strcmp
 .text          0x0000000008000224       0x10 C:/ST/STM32CubeIDE_1.14.1/STM32CubeIDE/plugins/com.st.stm32cube.ide.mcu.externaltools.gnu-tools-for-stm32.11.3.rel1.win32_1.1.100.202309141235/tools/bin/../lib/gcc/arm-none-eabi/11.3.1/../../../../arm-none-eabi/lib/thumb/v7e-m+fp/hard\libc_nano.a(libc_a-strlen.o)
                0x0000000008000224                strlen
 *fill*         0x0000000008000234        0xc 
 .text          0x0000000008000240       0xa0 C:/ST/STM32CubeIDE_1.14.1/STM32CubeIDE/plugins/com.st.stm32cube.ide.mcu.externaltools.gnu-tools-for-stm32.11.3.rel1.win32_1.1.100.202309141235/tools/bin/../lib/gcc/arm-none-eabi/11.3.1/../../../../arm-none-eabi/lib/thumb/v7e-m+fp/hard\libc_nano.a(libc_a-memchr.o)
                0x0000000008000240                memchr
 .text          0x00000000080002e0       0x30 C:/ST/STM32CubeIDE_1.14.1/STM32CubeIDE/plugins/com.st.stm32cube.ide.mcu.externaltools.gnu-tools-for-stm32.11.3.rel1.win32_1.1.100.202309141235/tools/bin/../lib/gcc/arm-none-eabi/11.3.1/thumb/v7e-m+fp/hard\libgcc.a(_aeabi_uldivmod.o)
                0x00000000080002e0                __aeabi_uldivmod
 .text          0x0000000008000310      0x2c8 C:/ST/STM32CubeIDE_1.14.1/STM32CubeIDE/plugins/com.st.stm32cube.ide.mcu.externaltools.gnu-tools-for-stm32.11.3.rel1.win32_1.1.100.202309141235/tools/bin/../lib/gcc/arm-none-eabi/11.3.1/thumb/v7e-m+fp/hard\libgcc.a(_udivmoddi4.o)
                0x0000000008000310                __udivmoddi4
 .text          0x00000000080005d8        0x4 C:/ST/STM32CubeIDE_1.14.1/STM32CubeIDE/plugins/com.st.stm32cube.ide.mcu.externaltools.gnu-tools-for-stm32.11.3.rel1.win32_1.1.100.202309141235/tools/bin/../lib/gcc/arm-none-eabi/11.3.1/thumb/v7e-m+fp/hard\libgcc.a(_dvmd_tls.o)
                0x00000000080005d8                __aeabi_idiv0
                0x00000000080005d8                __aeabi_ldiv0
 *(.text*)
 .text.SystemClock_Config
                0x00000000080005dc       0xa0 ./Core/Src/main.o
                0x00000000080005dc                SystemClock_Config
 .text.startup.main
                0x000000000800067c      0x304 ./Core/Src/main.o
                0x000000000800067c                main
 .text.Error_Handler
                0x0000000008000980        0x4 ./Core/Src/main.o
                0x0000000008000980                Error_Handler
 .text.HAL_MspInit
                0x0000000008000984       0x30 ./Core/Src/stm32f7xx_hal_msp.o
                0x0000000008000984                HAL_MspInit
 .text.HAL_RTC_MspInit
                0x00000000080009b4       0x54 ./Core/Src/stm32f7xx_hal_msp.o
                0x00000000080009b4                HAL_RTC_MspInit
 .text.HAL_UART_MspInit
                0x0000000008000a08       0x88 ./Core/Src/stm32f7xx_hal_msp.o
                0x0000000008000a08                HAL_UART_MspInit
 .text.HAL_PCD_MspInit
                0x0000000008000a90       0xa8 ./Core/Src/stm32f7xx_hal_msp.o
                0x0000000008000a90                HAL_PCD_MspInit
 .text.NMI_Handler
                0x0000000008000b38        0x2 ./Core/Src/stm32f7xx_it.o
                0x0000000008000b38                NMI_Handler
 .text.HardFault_Handler
                0x0000000008000b3a        0x2 ./Core/Src/stm32f7xx_it.o
                0x0000000008000b3a                HardFault_Handler
 .text.MemManage_Handler
                0x0000000008000b3c        0x2 ./Core/Src/stm32f7xx_it.o
                0x0000000008000b3c                MemManage_Handler
 .text.BusFault_Handler
                0x0000000008000b3e        0x2 ./Core/Src/stm32f7xx_it.o
                0x0000000008000b3e                BusFault_Handler
 .text.UsageFault_Handler
                0x0000000008000b40        0x2 ./Core/Src/stm32f7xx_it.o
                0x0000000008000b40                UsageFault_Handler
 .text.SVC_Handler
                0x0000000008000b42        0x2 ./Core/Src/stm32f7xx_it.o
                0x0000000008000b42                SVC_Handler
 .text.DebugMon_Handler
                0x0000000008000b44        0x2 ./Core/Src/stm32f7xx_it.o
                0x0000000008000b44                DebugMon_Handler
 .text.PendSV_Handler
                0x0000000008000b46        0x2 ./Core/Src/stm32f7xx_it.o
                0x0000000008000b46                PendSV_Handler
 .text.SysTick_Handler
                0x0000000008000b48        0x4 ./Core/Src/stm32f7xx_it.o
                0x0000000008000b48                SysTick_Handler
 .text.RTC_Alarm_IRQHandler
                0x0000000008000b4c        0xc ./Core/Src/stm32f7xx_it.o
                0x0000000008000b4c                RTC_Alarm_IRQHandler
 .text._getpid  0x0000000008000b58        0x4 ./Core/Src/syscalls.o
                0x0000000008000b58                _getpid
 .text._kill    0x0000000008000b5c       0x10 ./Core/Src/syscalls.o
                0x0000000008000b5c                _kill
 .text._exit    0x0000000008000b6c        0xc ./Core/Src/syscalls.o
                0x0000000008000b6c                _exit
 .text._read    0x0000000008000b78       0x1c ./Core/Src/syscalls.o
                0x0000000008000b78                _read
 .text._write   0x0000000008000b94       0x1c ./Core/Src/syscalls.o
                0x0000000008000b94                _write
 .text._close   0x0000000008000bb0        0x6 ./Core/Src/syscalls.o
                0x0000000008000bb0                _close
 .text._fstat   0x0000000008000bb6        0xa ./Core/Src/syscalls.o
                0x0000000008000bb6                _fstat
 .text._isatty  0x0000000008000bc0        0x4 ./Core/Src/syscalls.o
                0x0000000008000bc0                _isatty
 .text._lseek   0x0000000008000bc4        0x4 ./Core/Src/syscalls.o
                0x0000000008000bc4                _lseek
 .text._sbrk    0x0000000008000bc8       0x40 ./Core/Src/sysmem.o
                0x0000000008000bc8                _sbrk
 .text.SystemInit
                0x0000000008000c08       0x14 ./Core/Src/system_stm32f7xx.o
                0x0000000008000c08                SystemInit
 .text.Reset_Handler
                0x0000000008000c1c       0x50 ./Core/Startup/startup_stm32f746zgtx.o
                0x0000000008000c1c                Reset_Handler
 .text.Default_Handler
                0x0000000008000c6c        0x2 ./Core/Startup/startup_stm32f746zgtx.o
                0x0000000008000c6c                EXTI2_IRQHandler
                0x0000000008000c6c                TIM8_CC_IRQHandler
                0x0000000008000c6c                UART8_IRQHandler
                0x0000000008000c6c                SPI4_IRQHandler
                0x0000000008000c6c                TIM1_CC_IRQHandler
                0x0000000008000c6c                DMA2_Stream5_IRQHandler
                0x0000000008000c6c                DMA1_Stream5_IRQHandler
                0x0000000008000c6c                PVD_IRQHandler
                0x0000000008000c6c                TAMP_STAMP_IRQHandler
                0x0000000008000c6c                CAN2_RX1_IRQHandler
                0x0000000008000c6c                EXTI3_IRQHandler
                0x0000000008000c6c                TIM8_TRG_COM_TIM14_IRQHandler
                0x0000000008000c6c                TIM1_UP_TIM10_IRQHandler
                0x0000000008000c6c                TIM8_UP_TIM13_IRQHandler
                0x0000000008000c6c                I2C3_ER_IRQHandler
                0x0000000008000c6c                EXTI0_IRQHandler
                0x0000000008000c6c                I2C2_EV_IRQHandler
                0x0000000008000c6c                DMA1_Stream2_IRQHandler
                0x0000000008000c6c                CAN1_RX0_IRQHandler
                0x0000000008000c6c                FPU_IRQHandler
                0x0000000008000c6c                OTG_HS_WKUP_IRQHandler
                0x0000000008000c6c                LTDC_ER_IRQHandler
                0x0000000008000c6c                CAN2_SCE_IRQHandler
                0x0000000008000c6c                DMA2_Stream2_IRQHandler
                0x0000000008000c6c                SPI1_IRQHandler
                0x0000000008000c6c                TIM6_DAC_IRQHandler
                0x0000000008000c6c                TIM1_BRK_TIM9_IRQHandler
                0x0000000008000c6c                DCMI_IRQHandler
                0x0000000008000c6c                CAN2_RX0_IRQHandler
                0x0000000008000c6c                DMA2_Stream3_IRQHandler
                0x0000000008000c6c                SAI2_IRQHandler
                0x0000000008000c6c                USART6_IRQHandler
                0x0000000008000c6c                USART3_IRQHandler
                0x0000000008000c6c                CAN1_RX1_IRQHandler
                0x0000000008000c6c                UART5_IRQHandler
                0x0000000008000c6c                DMA2_Stream0_IRQHandler
                0x0000000008000c6c                TIM4_IRQHandler
                0x0000000008000c6c                QUADSPI_IRQHandler
                0x0000000008000c6c                I2C1_EV_IRQHandler
                0x0000000008000c6c                DMA1_Stream6_IRQHandler
                0x0000000008000c6c                DMA1_Stream1_IRQHandler
                0x0000000008000c6c                UART4_IRQHandler
                0x0000000008000c6c                TIM3_IRQHandler
                0x0000000008000c6c                RCC_IRQHandler
                0x0000000008000c6c                TIM8_BRK_TIM12_IRQHandler
                0x0000000008000c6c                Default_Handler
                0x0000000008000c6c                CEC_IRQHandler
                0x0000000008000c6c                EXTI15_10_IRQHandler
                0x0000000008000c6c                ADC_IRQHandler
                0x0000000008000c6c                DMA1_Stream7_IRQHandler
                0x0000000008000c6c                SPI5_IRQHandler
                0x0000000008000c6c                TIM7_IRQHandler
                0x0000000008000c6c                SDMMC1_IRQHandler
                0x0000000008000c6c                CAN2_TX_IRQHandler
                0x0000000008000c6c                TIM5_IRQHandler
                0x0000000008000c6c                DMA2_Stream7_IRQHandler
                0x0000000008000c6c                I2C3_EV_IRQHandler
                0x0000000008000c6c                EXTI9_5_IRQHandler
                0x0000000008000c6c                RTC_WKUP_IRQHandler
                0x0000000008000c6c                LTDC_IRQHandler
                0x0000000008000c6c                ETH_WKUP_IRQHandler
                0x0000000008000c6c                SPDIF_RX_IRQHandler
                0x0000000008000c6c                SPI2_IRQHandler
                0x0000000008000c6c                OTG_HS_EP1_IN_IRQHandler
                0x0000000008000c6c                DMA1_Stream0_IRQHandler
                0x0000000008000c6c                CAN1_TX_IRQHandler
                0x0000000008000c6c                EXTI4_IRQHandler
                0x0000000008000c6c                RNG_IRQHandler
                0x0000000008000c6c                ETH_IRQHandler
                0x0000000008000c6c                OTG_HS_EP1_OUT_IRQHandler
                0x0000000008000c6c                WWDG_IRQHandler
                0x0000000008000c6c                SPI6_IRQHandler
                0x0000000008000c6c                I2C4_EV_IRQHandler
                0x0000000008000c6c                TIM2_IRQHandler
                0x0000000008000c6c                OTG_FS_WKUP_IRQHandler
                0x0000000008000c6c                TIM1_TRG_COM_TIM11_IRQHandler
                0x0000000008000c6c                OTG_HS_IRQHandler
                0x0000000008000c6c                DMA2D_IRQHandler
                0x0000000008000c6c                EXTI1_IRQHandler
                0x0000000008000c6c                UART7_IRQHandler
                0x0000000008000c6c                USART2_IRQHandler
                0x0000000008000c6c                I2C2_ER_IRQHandler
                0x0000000008000c6c                DMA2_Stream1_IRQHandler
                0x0000000008000c6c                CAN1_SCE_IRQHandler
                0x0000000008000c6c                FLASH_IRQHandler
                0x0000000008000c6c                DMA2_Stream4_IRQHandler
                0x0000000008000c6c                USART1_IRQHandler
                0x0000000008000c6c                OTG_FS_IRQHandler
                0x0000000008000c6c                SPI3_IRQHandler
                0x0000000008000c6c                DMA1_Stream4_IRQHandler
                0x0000000008000c6c                I2C1_ER_IRQHandler
                0x0000000008000c6c                FMC_IRQHandler
                0x0000000008000c6c                LPTIM1_IRQHandler
                0x0000000008000c6c                I2C4_ER_IRQHandler
                0x0000000008000c6c                DMA2_Stream6_IRQHandler
                0x0000000008000c6c                SAI1_IRQHandler
                0x0000000008000c6c                DMA1_Stream3_IRQHandler
 .text.LAN8742_RegisterBusIO
                0x0000000008000c6e       0x28 ./Drivers/BSP/Components/lan8742/lan8742.o
                0x0000000008000c6e                LAN8742_RegisterBusIO
 .text.LAN8742_Init
                0x0000000008000c96       0xc2 ./Drivers/BSP/Components/lan8742/lan8742.o
                0x0000000008000c96                LAN8742_Init
 .text.LAN8742_GetLinkState
                0x0000000008000d58       0x94 ./Drivers/BSP/Components/lan8742/lan8742.o
                0x0000000008000d58                LAN8742_GetLinkState
 .text.HAL_InitTick
                0x0000000008000dec       0x48 ./Drivers/STM32F7xx_HAL_Driver/Src/stm32f7xx_hal.o
                0x0000000008000dec                HAL_InitTick
 .text.HAL_Init
                0x0000000008000e34       0x24 ./Drivers/STM32F7xx_HAL_Driver/Src/stm32f7xx_hal.o
                0x0000000008000e34                HAL_Init
 .text.HAL_IncTick
                0x0000000008000e58       0x18 ./Drivers/STM32F7xx_HAL_Driver/Src/stm32f7xx_hal.o
                0x0000000008000e58                HAL_IncTick
 .text.HAL_GetTick
                0x0000000008000e70        0xc ./Drivers/STM32F7xx_HAL_Driver/Src/stm32f7xx_hal.o
                0x0000000008000e70                HAL_GetTick
 .text.HAL_Delay
                0x0000000008000e7c       0x24 ./Drivers/STM32F7xx_HAL_Driver/Src/stm32f7xx_hal.o
                0x0000000008000e7c                HAL_Delay
 .text.HAL_NVIC_SetPriorityGrouping
                0x0000000008000ea0       0x24 ./Drivers/STM32F7xx_HAL_Driver/Src/stm32f7xx_hal_cortex.o
                0x0000000008000ea0                HAL_NVIC_SetPriorityGrouping
 .text.HAL_NVIC_SetPriority
                0x0000000008000ec4       0x64 ./Drivers/STM32F7xx_HAL_Driver/Src/stm32f7xx_hal_cortex.o
                0x0000000008000ec4                HAL_NVIC_SetPriority
 .text.HAL_NVIC_EnableIRQ
                0x0000000008000f28       0x1c ./Drivers/STM32F7xx_HAL_Driver/Src/stm32f7xx_hal_cortex.o
                0x0000000008000f28                HAL_NVIC_EnableIRQ
 .text.HAL_SYSTICK_Config
                0x0000000008000f44       0x28 ./Drivers/STM32F7xx_HAL_Driver/Src/stm32f7xx_hal_cortex.o
                0x0000000008000f44                HAL_SYSTICK_Config
 .text.ETH_Prepare_Tx_Descriptors
                0x0000000008000f6c      0x150 ./Drivers/STM32F7xx_HAL_Driver/Src/stm32f7xx_hal_eth.o
 .text.ETH_SetMACConfig
                0x00000000080010bc       0xe4 ./Drivers/STM32F7xx_HAL_Driver/Src/stm32f7xx_hal_eth.o
 .text.ETH_SetDMAConfig
                0x00000000080011a0       0xa4 ./Drivers/STM32F7xx_HAL_Driver/Src/stm32f7xx_hal_eth.o
 .text.ETH_FlushTransmitFIFO
                0x0000000008001244       0x2e ./Drivers/STM32F7xx_HAL_Driver/Src/stm32f7xx_hal_eth.o
 *fill*         0x0000000008001272        0x2 
 .text.ETH_UpdateDescriptor
                0x0000000008001274       0x90 ./Drivers/STM32F7xx_HAL_Driver/Src/stm32f7xx_hal_eth.o
 .text.HAL_ETH_Init
                0x0000000008001304      0x1d4 ./Drivers/STM32F7xx_HAL_Driver/Src/stm32f7xx_hal_eth.o
                0x0000000008001304                HAL_ETH_Init
 .text.HAL_ETH_Start
                0x00000000080014d8       0x6c ./Drivers/STM32F7xx_HAL_Driver/Src/stm32f7xx_hal_eth.o
                0x00000000080014d8                HAL_ETH_Start
 .text.HAL_ETH_Stop
                0x0000000008001544       0x64 ./Drivers/STM32F7xx_HAL_Driver/Src/stm32f7xx_hal_eth.o
                0x0000000008001544                HAL_ETH_Stop
 .text.HAL_ETH_Transmit
                0x00000000080015a8       0xb0 ./Drivers/STM32F7xx_HAL_Driver/Src/stm32f7xx_hal_eth.o
                0x00000000080015a8                HAL_ETH_Transmit
 .text.HAL_ETH_ReadData
                0x0000000008001658       0xf8 ./Drivers/STM32F7xx_HAL_Driver/Src/stm32f7xx_hal_eth.o
                0x0000000008001658                HAL_ETH_ReadData
 .text.HAL_ETH_ReadPHYRegister
                0x0000000008001750       0x50 ./Drivers/STM32F7xx_HAL_Driver/Src/stm32f7xx_hal_eth.o
                0x0000000008001750                HAL_ETH_ReadPHYRegister
 .text.HAL_ETH_WritePHYRegister
                0x00000000080017a0       0x4a ./Drivers/STM32F7xx_HAL_Driver/Src/stm32f7xx_hal_eth.o
                0x00000000080017a0                HAL_ETH_WritePHYRegister
 .text.HAL_ETH_GetMACConfig
                0x00000000080017ea       0xc4 ./Drivers/STM32F7xx_HAL_Driver/Src/stm32f7xx_hal_eth.o
                0x00000000080017ea                HAL_ETH_GetMACConfig
 .text.HAL_ETH_SetMACConfig
                0x00000000080018ae       0x18 ./Drivers/STM32F7xx_HAL_Driver/Src/stm32f7xx_hal_eth.o
                0x00000000080018ae                HAL_ETH_SetMACConfig
 *fill*         0x00000000080018c6        0x2 
 .text.HAL_ETH_SetMDIOClockRange
                0x00000000080018c8       0x74 ./Drivers/STM32F7xx_HAL_Driver/Src/stm32f7xx_hal_eth.o
                0x00000000080018c8                HAL_ETH_SetMDIOClockRange
 .text.HAL_GPIO_Init
                0x000000000800193c      0x1c4 ./Drivers/STM32F7xx_HAL_Driver/Src/stm32f7xx_hal_gpio.o
                0x000000000800193c                HAL_GPIO_Init
 .text.HAL_GPIO_WritePin
                0x0000000008001b00        0xa ./Drivers/STM32F7xx_HAL_Driver/Src/stm32f7xx_hal_gpio.o
                0x0000000008001b00                HAL_GPIO_WritePin
 .text.HAL_PCD_Init
                0x0000000008001b0a      0x112 ./Drivers/STM32F7xx_HAL_Driver/Src/stm32f7xx_hal_pcd.o
                0x0000000008001b0a                HAL_PCD_Init
 .text.HAL_PCDEx_ActivateLPM
                0x0000000008001c1c       0x26 ./Drivers/STM32F7xx_HAL_Driver/Src/stm32f7xx_hal_pcd_ex.o
                0x0000000008001c1c                HAL_PCDEx_ActivateLPM
 *fill*         0x0000000008001c42        0x2 
 .text.HAL_RCC_OscConfig
                0x0000000008001c44      0x374 ./Drivers/STM32F7xx_HAL_Driver/Src/stm32f7xx_hal_rcc.o
                0x0000000008001c44                HAL_RCC_OscConfig
 .text.HAL_RCC_GetSysClockFreq
                0x0000000008001fb8       0x5c ./Drivers/STM32F7xx_HAL_Driver/Src/stm32f7xx_hal_rcc.o
                0x0000000008001fb8                HAL_RCC_GetSysClockFreq
 .text.HAL_RCC_ClockConfig
                0x0000000008002014      0x13c ./Drivers/STM32F7xx_HAL_Driver/Src/stm32f7xx_hal_rcc.o
                0x0000000008002014                HAL_RCC_ClockConfig
 .text.HAL_RCC_GetHCLKFreq
                0x0000000008002150        0xc ./Drivers/STM32F7xx_HAL_Driver/Src/stm32f7xx_hal_rcc.o
                0x0000000008002150                HAL_RCC_GetHCLKFreq
 .text.HAL_RCC_GetPCLK1Freq
                0x000000000800215c       0x20 ./Drivers/STM32F7xx_HAL_Driver/Src/stm32f7xx_hal_rcc.o
                0x000000000800215c                HAL_RCC_GetPCLK1Freq
 .text.HAL_RCC_GetPCLK2Freq
                0x000000000800217c       0x20 ./Drivers/STM32F7xx_HAL_Driver/Src/stm32f7xx_hal_rcc.o
                0x000000000800217c                HAL_RCC_GetPCLK2Freq
 .text.HAL_RCCEx_PeriphCLKConfig
                0x000000000800219c      0x514 ./Drivers/STM32F7xx_HAL_Driver/Src/stm32f7xx_hal_rcc_ex.o
                0x000000000800219c                HAL_RCCEx_PeriphCLKConfig
 .text.HAL_RTC_AlarmAEventCallback
                0x00000000080026b0        0x2 ./Drivers/STM32F7xx_HAL_Driver/Src/stm32f7xx_hal_rtc.o
                0x00000000080026b0                HAL_RTC_AlarmAEventCallback
 *fill*         0x00000000080026b2        0x2 
 .text.HAL_RTC_AlarmIRQHandler
                0x00000000080026b4       0x50 ./Drivers/STM32F7xx_HAL_Driver/Src/stm32f7xx_hal_rtc.o
                0x00000000080026b4                HAL_RTC_AlarmIRQHandler
 .text.HAL_RTC_WaitForSynchro
                0x0000000008002704       0x30 ./Drivers/STM32F7xx_HAL_Driver/Src/stm32f7xx_hal_rtc.o
                0x0000000008002704                HAL_RTC_WaitForSynchro
 .text.RTC_EnterInitMode
                0x0000000008002734       0x42 ./Drivers/STM32F7xx_HAL_Driver/Src/stm32f7xx_hal_rtc.o
                0x0000000008002734                RTC_EnterInitMode
 .text.RTC_ExitInitMode
                0x0000000008002776       0x28 ./Drivers/STM32F7xx_HAL_Driver/Src/stm32f7xx_hal_rtc.o
                0x0000000008002776                RTC_ExitInitMode
 .text.HAL_RTC_Init
                0x000000000800279e       0x90 ./Drivers/STM32F7xx_HAL_Driver/Src/stm32f7xx_hal_rtc.o
                0x000000000800279e                HAL_RTC_Init
 .text.RTC_ByteToBcd2
                0x000000000800282e       0x16 ./Drivers/STM32F7xx_HAL_Driver/Src/stm32f7xx_hal_rtc.o
                0x000000000800282e                RTC_ByteToBcd2
 .text.HAL_RTC_SetTime
                0x0000000008002844       0xb2 ./Drivers/STM32F7xx_HAL_Driver/Src/stm32f7xx_hal_rtc.o
                0x0000000008002844                HAL_RTC_SetTime
 .text.HAL_RTC_SetDate
                0x00000000080028f6       0x92 ./Drivers/STM32F7xx_HAL_Driver/Src/stm32f7xx_hal_rtc.o
                0x00000000080028f6                HAL_RTC_SetDate
 .text.HAL_RTC_SetAlarm_IT
                0x0000000008002988      0x160 ./Drivers/STM32F7xx_HAL_Driver/Src/stm32f7xx_hal_rtc.o
                0x0000000008002988                HAL_RTC_SetAlarm_IT
 .text.RTC_Bcd2ToByte
                0x0000000008002ae8       0x12 ./Drivers/STM32F7xx_HAL_Driver/Src/stm32f7xx_hal_rtc.o
                0x0000000008002ae8                RTC_Bcd2ToByte
 .text.HAL_RTC_GetTime
                0x0000000008002afa       0x46 ./Drivers/STM32F7xx_HAL_Driver/Src/stm32f7xx_hal_rtc.o
                0x0000000008002afa                HAL_RTC_GetTime
 .text.HAL_RTC_GetDate
                0x0000000008002b40       0x3a ./Drivers/STM32F7xx_HAL_Driver/Src/stm32f7xx_hal_rtc.o
                0x0000000008002b40                HAL_RTC_GetDate
 .text.HAL_RTCEx_AlarmBEventCallback
                0x0000000008002b7a        0x2 ./Drivers/STM32F7xx_HAL_Driver/Src/stm32f7xx_hal_rtc_ex.o
                0x0000000008002b7a                HAL_RTCEx_AlarmBEventCallback
 .text.UART_SetConfig
                0x0000000008002b7c      0x284 ./Drivers/STM32F7xx_HAL_Driver/Src/stm32f7xx_hal_uart.o
                0x0000000008002b7c                UART_SetConfig
 .text.UART_AdvFeatureConfig
                0x0000000008002e00       0xaa ./Drivers/STM32F7xx_HAL_Driver/Src/stm32f7xx_hal_uart.o
                0x0000000008002e00                UART_AdvFeatureConfig
 .text.UART_WaitOnFlagUntilTimeout
                0x0000000008002eaa       0xc0 ./Drivers/STM32F7xx_HAL_Driver/Src/stm32f7xx_hal_uart.o
                0x0000000008002eaa                UART_WaitOnFlagUntilTimeout
 .text.UART_CheckIdleState
                0x0000000008002f6a       0x48 ./Drivers/STM32F7xx_HAL_Driver/Src/stm32f7xx_hal_uart.o
                0x0000000008002f6a                UART_CheckIdleState
 .text.HAL_UART_Init
                0x0000000008002fb2       0x5c ./Drivers/STM32F7xx_HAL_Driver/Src/stm32f7xx_hal_uart.o
                0x0000000008002fb2                HAL_UART_Init
 *fill*         0x000000000800300e        0x2 
 .text.USB_CoreReset
                0x0000000008003010       0x4c ./Drivers/STM32F7xx_HAL_Driver/Src/stm32f7xx_ll_usb.o
 .text.USB_CoreInit
                0x000000000800305c       0x76 ./Drivers/STM32F7xx_HAL_Driver/Src/stm32f7xx_ll_usb.o
                0x000000000800305c                USB_CoreInit
 .text.USB_DisableGlobalInt
                0x00000000080030d2        0xc ./Drivers/STM32F7xx_HAL_Driver/Src/stm32f7xx_ll_usb.o
                0x00000000080030d2                USB_DisableGlobalInt
 .text.USB_SetCurrentMode
                0x00000000080030de       0x5c ./Drivers/STM32F7xx_HAL_Driver/Src/stm32f7xx_ll_usb.o
                0x00000000080030de                USB_SetCurrentMode
 *fill*         0x000000000800313a        0x2 
 .text.USB_FlushTxFifo
                0x000000000800313c       0x4c ./Drivers/STM32F7xx_HAL_Driver/Src/stm32f7xx_ll_usb.o
                0x000000000800313c                USB_FlushTxFifo
 .text.USB_FlushRxFifo
                0x0000000008003188       0x48 ./Drivers/STM32F7xx_HAL_Driver/Src/stm32f7xx_ll_usb.o
                0x0000000008003188                USB_FlushRxFifo
 .text.USB_SetDevSpeed
                0x00000000080031d0        0xe ./Drivers/STM32F7xx_HAL_Driver/Src/stm32f7xx_ll_usb.o
                0x00000000080031d0                USB_SetDevSpeed
 *fill*         0x00000000080031de        0x2 
 .text.USB_DevInit
                0x00000000080031e0      0x16c ./Drivers/STM32F7xx_HAL_Driver/Src/stm32f7xx_ll_usb.o
                0x00000000080031e0                USB_DevInit
 .text.USB_DevDisconnect
                0x000000000800334c       0x1c ./Drivers/STM32F7xx_HAL_Driver/Src/stm32f7xx_ll_usb.o
                0x000000000800334c                USB_DevDisconnect
 .text.ethernet_link_status_updated
                0x0000000008003368        0x2 ./LWIP/App/lwip.o
 *fill*         0x000000000800336a        0x2 
 .text.MX_LWIP_Init
                0x000000000800336c       0x9c ./LWIP/App/lwip.o
                0x000000000800336c                MX_LWIP_Init
 .text.ETH_PHY_IO_DeInit
                0x0000000008003408        0x4 ./LWIP/Target/ethernetif.o
                0x0000000008003408                ETH_PHY_IO_DeInit
 .text.low_level_output
                0x000000000800340c       0x60 ./LWIP/Target/ethernetif.o
 .text.pbuf_free_custom
                0x000000000800346c       0x20 ./LWIP/Target/ethernetif.o
                0x000000000800346c                pbuf_free_custom
 .text.ETH_PHY_IO_GetTick
                0x000000000800348c        0x4 ./LWIP/Target/ethernetif.o
                0x000000000800348c                ETH_PHY_IO_GetTick
 .text.ETH_PHY_IO_Init
                0x0000000008003490       0x10 ./LWIP/Target/ethernetif.o
                0x0000000008003490                ETH_PHY_IO_Init
 .text.ETH_PHY_IO_ReadReg
                0x00000000080034a0       0x1c ./LWIP/Target/ethernetif.o
                0x00000000080034a0                ETH_PHY_IO_ReadReg
 .text.ETH_PHY_IO_WriteReg
                0x00000000080034bc       0x1c ./LWIP/Target/ethernetif.o
                0x00000000080034bc                ETH_PHY_IO_WriteReg
 .text.ethernetif_input
                0x00000000080034d8       0x44 ./LWIP/Target/ethernetif.o
                0x00000000080034d8                ethernetif_input
 .text.sys_now  0x000000000800351c        0x4 ./LWIP/Target/ethernetif.o
                0x000000000800351c                sys_now
 .text.HAL_ETH_MspInit
                0x0000000008003520      0x10c ./LWIP/Target/ethernetif.o
                0x0000000008003520                HAL_ETH_MspInit
 .text.ethernet_link_check_state
                0x000000000800362c       0x8c ./LWIP/Target/ethernetif.o
                0x000000000800362c                ethernet_link_check_state
 .text.ethernetif_init
                0x00000000080036b8      0x10c ./LWIP/Target/ethernetif.o
                0x00000000080036b8                ethernetif_init
 .text.HAL_ETH_RxAllocateCallback
                0x00000000080037c4       0x44 ./LWIP/Target/ethernetif.o
                0x00000000080037c4                HAL_ETH_RxAllocateCallback
 .text.HAL_ETH_RxLinkCallback
                0x0000000008003808       0x54 ./LWIP/Target/ethernetif.o
                0x0000000008003808                HAL_ETH_RxLinkCallback
 .text.sntp_retry
                0x000000000800385c       0x30 ./Middlewares/Third_Party/LwIP/src/apps/sntp/sntp.o
 .text.sntp_recv
                0x000000000800388c       0xf8 ./Middlewares/Third_Party/LwIP/src/apps/sntp/sntp.o
 .text.sntp_request
                0x0000000008003984       0x80 ./Middlewares/Third_Party/LwIP/src/apps/sntp/sntp.o
 .text.sntp_init
                0x0000000008003a04       0x98 ./Middlewares/Third_Party/LwIP/src/apps/sntp/sntp.o
                0x0000000008003a04                sntp_init
 .text.sntp_enabled
                0x0000000008003a9c       0x10 ./Middlewares/Third_Party/LwIP/src/apps/sntp/sntp.o
                0x0000000008003a9c                sntp_enabled
 .text.sntp_setoperatingmode
                0x0000000008003aac       0x48 ./Middlewares/Third_Party/LwIP/src/apps/sntp/sntp.o
                0x0000000008003aac                sntp_setoperatingmode
 .text.sntp_getreachability
                0x0000000008003af4       0x10 ./Middlewares/Third_Party/LwIP/src/apps/sntp/sntp.o
                0x0000000008003af4                sntp_getreachability
 .text.sntp_setserver
                0x0000000008003b04       0x14 ./Middlewares/Third_Party/LwIP/src/apps/sntp/sntp.o
                0x0000000008003b04                sntp_setserver
 .text.lwip_htons
                0x0000000008003b18        0x6 ./Middlewares/Third_Party/LwIP/src/core/def.o
                0x0000000008003b18                lwip_htons
 .text.lwip_htonl
                0x0000000008003b1e        0x4 ./Middlewares/Third_Party/LwIP/src/core/def.o
                0x0000000008003b1e                lwip_htonl
 .text.lwip_init
                0x0000000008003b22       0x1e ./Middlewares/Third_Party/LwIP/src/core/init.o
                0x0000000008003b22                lwip_init
 .text.mem_init
                0x0000000008003b40       0x44 ./Middlewares/Third_Party/LwIP/src/core/mem.o
                0x0000000008003b40                mem_init
 .text.mem_free
                0x0000000008003b84      0x170 ./Middlewares/Third_Party/LwIP/src/core/mem.o
                0x0000000008003b84                mem_free
 .text.mem_trim
                0x0000000008003cf4      0x148 ./Middlewares/Third_Party/LwIP/src/core/mem.o
                0x0000000008003cf4                mem_trim
 .text.mem_malloc
                0x0000000008003e3c      0x144 ./Middlewares/Third_Party/LwIP/src/core/mem.o
                0x0000000008003e3c                mem_malloc
 .text.do_memp_free_pool
                0x0000000008003f80       0x30 ./Middlewares/Third_Party/LwIP/src/core/memp.o
 .text.do_memp_malloc_pool.isra.0
                0x0000000008003fb0       0x2c ./Middlewares/Third_Party/LwIP/src/core/memp.o
 .text.memp_init_pool
                0x0000000008003fdc       0x26 ./Middlewares/Third_Party/LwIP/src/core/memp.o
                0x0000000008003fdc                memp_init_pool
 *fill*         0x0000000008004002        0x2 
 .text.memp_init
                0x0000000008004004       0x1c ./Middlewares/Third_Party/LwIP/src/core/memp.o
                0x0000000008004004                memp_init
 .text.memp_malloc_pool
                0x0000000008004020       0x30 ./Middlewares/Third_Party/LwIP/src/core/memp.o
                0x0000000008004020                memp_malloc_pool
 .text.memp_malloc
                0x0000000008004050       0x38 ./Middlewares/Third_Party/LwIP/src/core/memp.o
                0x0000000008004050                memp_malloc
 .text.memp_free_pool
                0x0000000008004088       0x28 ./Middlewares/Third_Party/LwIP/src/core/memp.o
                0x0000000008004088                memp_free_pool
 .text.memp_free
                0x00000000080040b0       0x30 ./Middlewares/Third_Party/LwIP/src/core/memp.o
                0x00000000080040b0                memp_free
 .text.netif_null_output_ip4
                0x00000000080040e0        0x6 ./Middlewares/Third_Party/LwIP/src/core/netif.o
 *fill*         0x00000000080040e6        0x2 
 .text.netif_issue_reports
                0x00000000080040e8       0x44 ./Middlewares/Third_Party/LwIP/src/core/netif.o
 .text.netif_do_set_ipaddr.isra.0
                0x000000000800412c       0x50 ./Middlewares/Third_Party/LwIP/src/core/netif.o
 .text.netif_init
                0x000000000800417c        0x2 ./Middlewares/Third_Party/LwIP/src/core/netif.o
                0x000000000800417c                netif_init
 *fill*         0x000000000800417e        0x2 
 .text.netif_set_addr
                0x0000000008004180       0x58 ./Middlewares/Third_Party/LwIP/src/core/netif.o
                0x0000000008004180                netif_set_addr
 .text.netif_add
                0x00000000080041d8      0x12c ./Middlewares/Third_Party/LwIP/src/core/netif.o
                0x00000000080041d8                netif_add
 .text.netif_set_default
                0x0000000008004304        0xc ./Middlewares/Third_Party/LwIP/src/core/netif.o
                0x0000000008004304                netif_set_default
 .text.netif_set_up
                0x0000000008004310       0x34 ./Middlewares/Third_Party/LwIP/src/core/netif.o
                0x0000000008004310                netif_set_up
 .text.netif_set_down
                0x0000000008004344       0x38 ./Middlewares/Third_Party/LwIP/src/core/netif.o
                0x0000000008004344                netif_set_down
 .text.netif_set_link_up
                0x000000000800437c       0x48 ./Middlewares/Third_Party/LwIP/src/core/netif.o
                0x000000000800437c                netif_set_link_up
 .text.netif_set_link_down
                0x00000000080043c4       0x34 ./Middlewares/Third_Party/LwIP/src/core/netif.o
                0x00000000080043c4                netif_set_link_down
 .text.netif_set_link_callback
                0x00000000080043f8        0x6 ./Middlewares/Third_Party/LwIP/src/core/netif.o
                0x00000000080043f8                netif_set_link_callback
 *fill*         0x00000000080043fe        0x2 
 .text.netif_get_by_index
                0x0000000008004400       0x20 ./Middlewares/Third_Party/LwIP/src/core/netif.o
                0x0000000008004400                netif_get_by_index
 .text.pbuf_skip_const
                0x0000000008004420       0x16 ./Middlewares/Third_Party/LwIP/src/core/pbuf.o
 *fill*         0x0000000008004436        0x2 
 .text.pbuf_add_header_impl
                0x0000000008004438       0x64 ./Middlewares/Third_Party/LwIP/src/core/pbuf.o
 .text.pbuf_free_ooseq
                0x000000000800449c       0x24 ./Middlewares/Third_Party/LwIP/src/core/pbuf.o
                0x000000000800449c                pbuf_free_ooseq
 .text.pbuf_alloc_reference
                0x00000000080044c0       0x48 ./Middlewares/Third_Party/LwIP/src/core/pbuf.o
                0x00000000080044c0                pbuf_alloc_reference
 .text.pbuf_alloced_custom
                0x0000000008004508       0x34 ./Middlewares/Third_Party/LwIP/src/core/pbuf.o
                0x0000000008004508                pbuf_alloced_custom
 .text.pbuf_add_header
                0x000000000800453c        0x6 ./Middlewares/Third_Party/LwIP/src/core/pbuf.o
                0x000000000800453c                pbuf_add_header
 *fill*         0x0000000008004542        0x2 
 .text.pbuf_remove_header
                0x0000000008004544       0x58 ./Middlewares/Third_Party/LwIP/src/core/pbuf.o
                0x0000000008004544                pbuf_remove_header
 .text.pbuf_header_force
                0x000000000800459c       0x10 ./Middlewares/Third_Party/LwIP/src/core/pbuf.o
                0x000000000800459c                pbuf_header_force
 .text.pbuf_free
                0x00000000080045ac       0xc8 ./Middlewares/Third_Party/LwIP/src/core/pbuf.o
                0x00000000080045ac                pbuf_free
 .text.pbuf_alloc
                0x0000000008004674      0x100 ./Middlewares/Third_Party/LwIP/src/core/pbuf.o
                0x0000000008004674                pbuf_alloc
 .text.pbuf_realloc
                0x0000000008004774       0xb0 ./Middlewares/Third_Party/LwIP/src/core/pbuf.o
                0x0000000008004774                pbuf_realloc
 .text.pbuf_clen
                0x0000000008004824       0x10 ./Middlewares/Third_Party/LwIP/src/core/pbuf.o
                0x0000000008004824                pbuf_clen
 .text.pbuf_ref
                0x0000000008004834       0x28 ./Middlewares/Third_Party/LwIP/src/core/pbuf.o
                0x0000000008004834                pbuf_ref
 .text.pbuf_cat
                0x000000000800485c       0x74 ./Middlewares/Third_Party/LwIP/src/core/pbuf.o
                0x000000000800485c                pbuf_cat
 .text.pbuf_chain
                0x00000000080048d0       0x12 ./Middlewares/Third_Party/LwIP/src/core/pbuf.o
                0x00000000080048d0                pbuf_chain
 *fill*         0x00000000080048e2        0x2 
 .text.pbuf_copy
                0x00000000080048e4      0x104 ./Middlewares/Third_Party/LwIP/src/core/pbuf.o
                0x00000000080048e4                pbuf_copy
 .text.pbuf_copy_partial
                0x00000000080049e8       0x8c ./Middlewares/Third_Party/LwIP/src/core/pbuf.o
                0x00000000080049e8                pbuf_copy_partial
 .text.pbuf_clone
                0x0000000008004a74       0x38 ./Middlewares/Third_Party/LwIP/src/core/pbuf.o
                0x0000000008004a74                pbuf_clone
 .text.pbuf_try_get_at
                0x0000000008004aac       0x26 ./Middlewares/Third_Party/LwIP/src/core/pbuf.o
                0x0000000008004aac                pbuf_try_get_at
 .text.pbuf_get_at
                0x0000000008004ad2        0xe ./Middlewares/Third_Party/LwIP/src/core/pbuf.o
                0x0000000008004ad2                pbuf_get_at
 .text.tcp_close_shutdown_fin
                0x0000000008004ae0       0x60 ./Middlewares/Third_Party/LwIP/src/core/tcp.o
 .text.tcp_init
                0x0000000008004b40       0x18 ./Middlewares/Third_Party/LwIP/src/core/tcp.o
                0x0000000008004b40                tcp_init
 .text.tcp_free
                0x0000000008004b58       0x30 ./Middlewares/Third_Party/LwIP/src/core/tcp.o
                0x0000000008004b58                tcp_free
 .text.tcp_update_rcv_ann_wnd
                0x0000000008004b88       0x6c ./Middlewares/Third_Party/LwIP/src/core/tcp.o
                0x0000000008004b88                tcp_update_rcv_ann_wnd
 .text.tcp_recved
                0x0000000008004bf4       0x7c ./Middlewares/Third_Party/LwIP/src/core/tcp.o
                0x0000000008004bf4                tcp_recved
 .text.tcp_seg_free
                0x0000000008004c70       0x1c ./Middlewares/Third_Party/LwIP/src/core/tcp.o
                0x0000000008004c70                tcp_seg_free
 .text.tcp_segs_free
                0x0000000008004c8c       0x10 ./Middlewares/Third_Party/LwIP/src/core/tcp.o
                0x0000000008004c8c                tcp_segs_free
 .text.tcp_seg_copy
                0x0000000008004c9c       0x48 ./Middlewares/Third_Party/LwIP/src/core/tcp.o
                0x0000000008004c9c                tcp_seg_copy
 .text.tcp_next_iss
                0x0000000008004ce4       0x34 ./Middlewares/Third_Party/LwIP/src/core/tcp.o
                0x0000000008004ce4                tcp_next_iss
 .text.tcp_eff_send_mss_netif
                0x0000000008004d18       0x3c ./Middlewares/Third_Party/LwIP/src/core/tcp.o
                0x0000000008004d18                tcp_eff_send_mss_netif
 .text.tcp_free_ooseq
                0x0000000008004d54       0x12 ./Middlewares/Third_Party/LwIP/src/core/tcp.o
                0x0000000008004d54                tcp_free_ooseq
 *fill*         0x0000000008004d66        0x2 
 .text.tcp_pcb_purge
                0x0000000008004d68       0x64 ./Middlewares/Third_Party/LwIP/src/core/tcp.o
                0x0000000008004d68                tcp_pcb_purge
 .text.tcp_pcb_remove
                0x0000000008004dcc       0xcc ./Middlewares/Third_Party/LwIP/src/core/tcp.o
                0x0000000008004dcc                tcp_pcb_remove
 .text.tcp_abandon
                0x0000000008004e98      0x104 ./Middlewares/Third_Party/LwIP/src/core/tcp.o
                0x0000000008004e98                tcp_abandon
 .text.tcp_abort
                0x0000000008004f9c        0x6 ./Middlewares/Third_Party/LwIP/src/core/tcp.o
                0x0000000008004f9c                tcp_abort
 *fill*         0x0000000008004fa2        0x2 
 .text.tcp_netif_ip_addr_changed_pcblist
                0x0000000008004fa4       0x3c ./Middlewares/Third_Party/LwIP/src/core/tcp.o
 .text.tcp_netif_ip_addr_changed
                0x0000000008004fe0       0x48 ./Middlewares/Third_Party/LwIP/src/core/tcp.o
                0x0000000008004fe0                tcp_netif_ip_addr_changed
 .text.tcp_kill_state
                0x0000000008005028       0x3c ./Middlewares/Third_Party/LwIP/src/core/tcp.o
 .text.tcp_alloc
                0x0000000008005064      0x134 ./Middlewares/Third_Party/LwIP/src/core/tcp.o
                0x0000000008005064                tcp_alloc
 .text.tcp_close_shutdown
                0x0000000008005198      0x164 ./Middlewares/Third_Party/LwIP/src/core/tcp.o
 .text.tcp_close
                0x00000000080052fc       0x3c ./Middlewares/Third_Party/LwIP/src/core/tcp.o
                0x00000000080052fc                tcp_close
 .text.tcp_recv_null
                0x0000000008005338       0x48 ./Middlewares/Third_Party/LwIP/src/core/tcp.o
                0x0000000008005338                tcp_recv_null
 .text.tcp_process_refused_data
                0x0000000008005380       0x88 ./Middlewares/Third_Party/LwIP/src/core/tcp.o
                0x0000000008005380                tcp_process_refused_data
 .text.tcp_fasttmr
                0x0000000008005408       0x80 ./Middlewares/Third_Party/LwIP/src/core/tcp.o
                0x0000000008005408                tcp_fasttmr
 .text.tcp_slowtmr
                0x0000000008005488      0x434 ./Middlewares/Third_Party/LwIP/src/core/tcp.o
                0x0000000008005488                tcp_slowtmr
 .text.tcp_tmr  0x00000000080058bc       0x24 ./Middlewares/Third_Party/LwIP/src/core/tcp.o
                0x00000000080058bc                tcp_tmr
 .text.tcp_get_next_optbyte
                0x00000000080058e0       0x38 ./Middlewares/Third_Party/LwIP/src/core/tcp_in.o
 .text.tcp_oos_insert_segment
                0x0000000008005918       0x94 ./Middlewares/Third_Party/LwIP/src/core/tcp_in.o
 .text.tcp_parseopt
                0x00000000080059ac       0x90 ./Middlewares/Third_Party/LwIP/src/core/tcp_in.o
 .text.tcp_input_delayed_close
                0x0000000008005a3c       0x58 ./Middlewares/Third_Party/LwIP/src/core/tcp_in.o
 .text.tcp_free_acked_segments.constprop.0
                0x0000000008005a94       0xc4 ./Middlewares/Third_Party/LwIP/src/core/tcp_in.o
 .text.tcp_receive
                0x0000000008005b58      0x85c ./Middlewares/Third_Party/LwIP/src/core/tcp_in.o
 .text.tcp_input
                0x00000000080063b4      0xafc ./Middlewares/Third_Party/LwIP/src/core/tcp_in.o
                0x00000000080063b4                tcp_input
 .text.tcp_trigger_input_pcb_close
                0x0000000008006eb0       0x10 ./Middlewares/Third_Party/LwIP/src/core/tcp_in.o
                0x0000000008006eb0                tcp_trigger_input_pcb_close
 .text.tcp_output_segment_busy
                0x0000000008006ec0       0x2c ./Middlewares/Third_Party/LwIP/src/core/tcp_out.o
 .text.tcp_create_segment
                0x0000000008006eec       0xe4 ./Middlewares/Third_Party/LwIP/src/core/tcp_out.o
 .text.tcp_output_alloc_header_common.constprop.0
                0x0000000008006fd0       0x84 ./Middlewares/Third_Party/LwIP/src/core/tcp_out.o
 .text.tcp_output_alloc_header.constprop.0
                0x0000000008007054       0x4c ./Middlewares/Third_Party/LwIP/src/core/tcp_out.o
 .text.tcp_output_fill_options.constprop.0
                0x00000000080070a0       0x20 ./Middlewares/Third_Party/LwIP/src/core/tcp_out.o
 .text.tcp_output_control_segment
                0x00000000080070c0       0x70 ./Middlewares/Third_Party/LwIP/src/core/tcp_out.o
 .text.tcp_split_unsent_seg
                0x0000000008007130      0x198 ./Middlewares/Third_Party/LwIP/src/core/tcp_out.o
                0x0000000008007130                tcp_split_unsent_seg
 .text.tcp_enqueue_flags
                0x00000000080072c8      0x128 ./Middlewares/Third_Party/LwIP/src/core/tcp_out.o
                0x00000000080072c8                tcp_enqueue_flags
 .text.tcp_send_fin
                0x00000000080073f0       0x60 ./Middlewares/Third_Party/LwIP/src/core/tcp_out.o
                0x00000000080073f0                tcp_send_fin
 .text.tcp_rexmit_rto_prepare
                0x0000000008007450       0x88 ./Middlewares/Third_Party/LwIP/src/core/tcp_out.o
                0x0000000008007450                tcp_rexmit_rto_prepare
 .text.tcp_rexmit
                0x00000000080074d8       0x80 ./Middlewares/Third_Party/LwIP/src/core/tcp_out.o
                0x00000000080074d8                tcp_rexmit
 .text.tcp_rexmit_fast
                0x0000000008007558       0x68 ./Middlewares/Third_Party/LwIP/src/core/tcp_out.o
                0x0000000008007558                tcp_rexmit_fast
 .text.tcp_rst  0x00000000080075c0       0x8c ./Middlewares/Third_Party/LwIP/src/core/tcp_out.o
                0x00000000080075c0                tcp_rst
 .text.tcp_send_empty_ack
                0x000000000800764c       0x64 ./Middlewares/Third_Party/LwIP/src/core/tcp_out.o
                0x000000000800764c                tcp_send_empty_ack
 .text.tcp_output
                0x00000000080076b0      0x354 ./Middlewares/Third_Party/LwIP/src/core/tcp_out.o
                0x00000000080076b0                tcp_output
 .text.tcp_rexmit_rto_commit
                0x0000000008007a04       0x38 ./Middlewares/Third_Party/LwIP/src/core/tcp_out.o
                0x0000000008007a04                tcp_rexmit_rto_commit
 .text.tcp_rexmit_rto
                0x0000000008007a3c       0x34 ./Middlewares/Third_Party/LwIP/src/core/tcp_out.o
                0x0000000008007a3c                tcp_rexmit_rto
 .text.tcp_keepalive
                0x0000000008007a70       0x50 ./Middlewares/Third_Party/LwIP/src/core/tcp_out.o
                0x0000000008007a70                tcp_keepalive
 .text.tcp_zero_window_probe
                0x0000000008007ac0       0xc8 ./Middlewares/Third_Party/LwIP/src/core/tcp_out.o
                0x0000000008007ac0                tcp_zero_window_probe
 .text.sys_timeout_abs
                0x0000000008007b88       0x64 ./Middlewares/Third_Party/LwIP/src/core/timeouts.o
 .text.lwip_cyclic_timer
                0x0000000008007bec       0x34 ./Middlewares/Third_Party/LwIP/src/core/timeouts.o
 .text.sys_timeout
                0x0000000008007c20       0x3c ./Middlewares/Third_Party/LwIP/src/core/timeouts.o
                0x0000000008007c20                sys_timeout
 .text.tcp_timer_needed
                0x0000000008007c5c       0x34 ./Middlewares/Third_Party/LwIP/src/core/timeouts.o
                0x0000000008007c5c                tcp_timer_needed
 .text.tcpip_tcp_timer
                0x0000000008007c90       0x38 ./Middlewares/Third_Party/LwIP/src/core/timeouts.o
 .text.sys_timeouts_init
                0x0000000008007cc8       0x2c ./Middlewares/Third_Party/LwIP/src/core/timeouts.o
                0x0000000008007cc8                sys_timeouts_init
 .text.sys_untimeout
                0x0000000008007cf4       0x3c ./Middlewares/Third_Party/LwIP/src/core/timeouts.o
                0x0000000008007cf4                sys_untimeout
 .text.sys_check_timeouts
                0x0000000008007d30       0x58 ./Middlewares/Third_Party/LwIP/src/core/timeouts.o
                0x0000000008007d30                sys_check_timeouts
 .text.udp_init
                0x0000000008007d88       0x18 ./Middlewares/Third_Party/LwIP/src/core/udp.o
                0x0000000008007d88                udp_init
 .text.udp_input
                0x0000000008007da0      0x1b0 ./Middlewares/Third_Party/LwIP/src/core/udp.o
                0x0000000008007da0                udp_input
 .text.udp_bind
                0x0000000008007f50       0xc0 ./Middlewares/Third_Party/LwIP/src/core/udp.o
                0x0000000008007f50                udp_bind
 .text.udp_sendto_if_src
                0x0000000008008010      0x130 ./Middlewares/Third_Party/LwIP/src/core/udp.o
                0x0000000008008010                udp_sendto_if_src
 .text.udp_sendto_if
                0x0000000008008140       0x80 ./Middlewares/Third_Party/LwIP/src/core/udp.o
                0x0000000008008140                udp_sendto_if
 .text.udp_sendto
                0x00000000080081c0       0x78 ./Middlewares/Third_Party/LwIP/src/core/udp.o
                0x00000000080081c0                udp_sendto
 .text.udp_recv
                0x0000000008008238       0x24 ./Middlewares/Third_Party/LwIP/src/core/udp.o
                0x0000000008008238                udp_recv
 .text.udp_new  0x000000000800825c       0x1c ./Middlewares/Third_Party/LwIP/src/core/udp.o
                0x000000000800825c                udp_new
 .text.udp_new_ip_type
                0x0000000008008278        0x4 ./Middlewares/Third_Party/LwIP/src/core/udp.o
                0x0000000008008278                udp_new_ip_type
 .text.udp_netif_ip_addr_changed
                0x000000000800827c       0x2c ./Middlewares/Third_Party/LwIP/src/core/udp.o
                0x000000000800827c                udp_netif_ip_addr_changed
 .text.etharp_free_entry
                0x00000000080082a8       0x28 ./Middlewares/Third_Party/LwIP/src/core/ipv4/etharp.o
 .text.etharp_find_entry
                0x00000000080082d0      0x128 ./Middlewares/Third_Party/LwIP/src/core/ipv4/etharp.o
 .text.etharp_raw
                0x00000000080083f8       0xdc ./Middlewares/Third_Party/LwIP/src/core/ipv4/etharp.o
 .text.etharp_cleanup_netif
                0x00000000080084d4       0x28 ./Middlewares/Third_Party/LwIP/src/core/ipv4/etharp.o
                0x00000000080084d4                etharp_cleanup_netif
 .text.etharp_input
                0x00000000080084fc      0x144 ./Middlewares/Third_Party/LwIP/src/core/ipv4/etharp.o
                0x00000000080084fc                etharp_input
 .text.etharp_request
                0x0000000008008640       0x2c ./Middlewares/Third_Party/LwIP/src/core/ipv4/etharp.o
                0x0000000008008640                etharp_request
 .text.etharp_tmr
                0x000000000800866c       0x54 ./Middlewares/Third_Party/LwIP/src/core/ipv4/etharp.o
                0x000000000800866c                etharp_tmr
 .text.etharp_output_to_arp_index
                0x00000000080086c0       0xac ./Middlewares/Third_Party/LwIP/src/core/ipv4/etharp.o
 .text.etharp_query
                0x000000000800876c      0x134 ./Middlewares/Third_Party/LwIP/src/core/ipv4/etharp.o
                0x000000000800876c                etharp_query
 .text.etharp_output
                0x00000000080088a0      0x13c ./Middlewares/Third_Party/LwIP/src/core/ipv4/etharp.o
                0x00000000080088a0                etharp_output
 .text.icmp_send_response
                0x00000000080089dc       0x90 ./Middlewares/Third_Party/LwIP/src/core/ipv4/icmp.o
 .text.icmp_input
                0x0000000008008a6c      0x12c ./Middlewares/Third_Party/LwIP/src/core/ipv4/icmp.o
                0x0000000008008a6c                icmp_input
 .text.icmp_dest_unreach
                0x0000000008008b98        0x8 ./Middlewares/Third_Party/LwIP/src/core/ipv4/icmp.o
                0x0000000008008b98                icmp_dest_unreach
 .text.icmp_time_exceeded
                0x0000000008008ba0        0x8 ./Middlewares/Third_Party/LwIP/src/core/ipv4/icmp.o
                0x0000000008008ba0                icmp_time_exceeded
 .text.ip4_input_accept
                0x0000000008008ba8       0x34 ./Middlewares/Third_Party/LwIP/src/core/ipv4/ip4.o
 .text.ip4_route
                0x0000000008008bdc       0x5c ./Middlewares/Third_Party/LwIP/src/core/ipv4/ip4.o
                0x0000000008008bdc                ip4_route
 .text.ip4_input
                0x0000000008008c38      0x168 ./Middlewares/Third_Party/LwIP/src/core/ipv4/ip4.o
                0x0000000008008c38                ip4_input
 .text.ip4_output_if_src
                0x0000000008008da0       0xf8 ./Middlewares/Third_Party/LwIP/src/core/ipv4/ip4.o
                0x0000000008008da0                ip4_output_if_src
 .text.ip4_output_if
                0x0000000008008e98       0x22 ./Middlewares/Third_Party/LwIP/src/core/ipv4/ip4.o
                0x0000000008008e98                ip4_output_if
 .text.ip4_addr_isbroadcast_u32
                0x0000000008008eba       0x36 ./Middlewares/Third_Party/LwIP/src/core/ipv4/ip4_addr.o
                0x0000000008008eba                ip4_addr_isbroadcast_u32
 .text.ip_reass_dequeue_datagram
                0x0000000008008ef0       0x44 ./Middlewares/Third_Party/LwIP/src/core/ipv4/ip4_frag.o
 .text.ip_reass_free_complete_datagram
                0x0000000008008f34       0xe8 ./Middlewares/Third_Party/LwIP/src/core/ipv4/ip4_frag.o
 .text.ip_reass_remove_oldest_datagram
                0x000000000800901c       0x78 ./Middlewares/Third_Party/LwIP/src/core/ipv4/ip4_frag.o
 .text.ip_frag_free_pbuf_custom_ref
                0x0000000008009094       0x2c ./Middlewares/Third_Party/LwIP/src/core/ipv4/ip4_frag.o
 .text.ipfrag_free_pbuf_custom
                0x00000000080090c0       0x34 ./Middlewares/Third_Party/LwIP/src/core/ipv4/ip4_frag.o
 .text.ip_reass_tmr
                0x00000000080090f4       0x2c ./Middlewares/Third_Party/LwIP/src/core/ipv4/ip4_frag.o
                0x00000000080090f4                ip_reass_tmr
 .text.ip4_reass
                0x0000000008009120      0x3b0 ./Middlewares/Third_Party/LwIP/src/core/ipv4/ip4_frag.o
                0x0000000008009120                ip4_reass
 .text.ip4_frag
                0x00000000080094d0      0x1d8 ./Middlewares/Third_Party/LwIP/src/core/ipv4/ip4_frag.o
                0x00000000080094d0                ip4_frag
 .text.ethernet_input
                0x00000000080096a8       0xa0 ./Middlewares/Third_Party/LwIP/src/netif/ethernet.o
                0x00000000080096a8                ethernet_input
 .text.ethernet_output
                0x0000000008009748       0x70 ./Middlewares/Third_Party/LwIP/src/netif/ethernet.o
                0x0000000008009748                ethernet_output
 .text.rand     0x00000000080097b8       0x7c C:/ST/STM32CubeIDE_1.14.1/STM32CubeIDE/plugins/com.st.stm32cube.ide.mcu.externaltools.gnu-tools-for-stm32.11.3.rel1.win32_1.1.100.202309141235/tools/bin/../lib/gcc/arm-none-eabi/11.3.1/../../../../arm-none-eabi/lib/thumb/v7e-m+fp/hard\libc_nano.a(libc_a-rand.o)
                0x00000000080097b8                rand
 .text._strtol_l.constprop.0
                0x0000000008009834      0x104 C:/ST/STM32CubeIDE_1.14.1/STM32CubeIDE/plugins/com.st.stm32cube.ide.mcu.externaltools.gnu-tools-for-stm32.11.3.rel1.win32_1.1.100.202309141235/tools/bin/../lib/gcc/arm-none-eabi/11.3.1/../../../../arm-none-eabi/lib/thumb/v7e-m+fp/hard\libc_nano.a(libc_a-strtol.o)
 .text._strtol_r
                0x0000000008009938        0x4 C:/ST/STM32CubeIDE_1.14.1/STM32CubeIDE/plugins/com.st.stm32cube.ide.mcu.externaltools.gnu-tools-for-stm32.11.3.rel1.win32_1.1.100.202309141235/tools/bin/../lib/gcc/arm-none-eabi/11.3.1/../../../../arm-none-eabi/lib/thumb/v7e-m+fp/hard\libc_nano.a(libc_a-strtol.o)
                0x0000000008009938                _strtol_r
 .text.std      0x000000000800993c       0x6c C:/ST/STM32CubeIDE_1.14.1/STM32CubeIDE/plugins/com.st.stm32cube.ide.mcu.externaltools.gnu-tools-for-stm32.11.3.rel1.win32_1.1.100.202309141235/tools/bin/../lib/gcc/arm-none-eabi/11.3.1/../../../../arm-none-eabi/lib/thumb/v7e-m+fp/hard\libc_nano.a(libc_a-findfp.o)
 .text.stdio_exit_handler
                0x00000000080099a8       0x18 C:/ST/STM32CubeIDE_1.14.1/STM32CubeIDE/plugins/com.st.stm32cube.ide.mcu.externaltools.gnu-tools-for-stm32.11.3.rel1.win32_1.1.100.202309141235/tools/bin/../lib/gcc/arm-none-eabi/11.3.1/../../../../arm-none-eabi/lib/thumb/v7e-m+fp/hard\libc_nano.a(libc_a-findfp.o)
 .text.cleanup_stdio
                0x00000000080099c0       0x40 C:/ST/STM32CubeIDE_1.14.1/STM32CubeIDE/plugins/com.st.stm32cube.ide.mcu.externaltools.gnu-tools-for-stm32.11.3.rel1.win32_1.1.100.202309141235/tools/bin/../lib/gcc/arm-none-eabi/11.3.1/../../../../arm-none-eabi/lib/thumb/v7e-m+fp/hard\libc_nano.a(libc_a-findfp.o)
 .text.global_stdio_init.part.0
                0x0000000008009a00       0x3c C:/ST/STM32CubeIDE_1.14.1/STM32CubeIDE/plugins/com.st.stm32cube.ide.mcu.externaltools.gnu-tools-for-stm32.11.3.rel1.win32_1.1.100.202309141235/tools/bin/../lib/gcc/arm-none-eabi/11.3.1/../../../../arm-none-eabi/lib/thumb/v7e-m+fp/hard\libc_nano.a(libc_a-findfp.o)
 .text.__sfp_lock_acquire
                0x0000000008009a3c        0xc C:/ST/STM32CubeIDE_1.14.1/STM32CubeIDE/plugins/com.st.stm32cube.ide.mcu.externaltools.gnu-tools-for-stm32.11.3.rel1.win32_1.1.100.202309141235/tools/bin/../lib/gcc/arm-none-eabi/11.3.1/../../../../arm-none-eabi/lib/thumb/v7e-m+fp/hard\libc_nano.a(libc_a-findfp.o)
                0x0000000008009a3c                __sfp_lock_acquire
 .text.__sfp_lock_release
                0x0000000008009a48        0xc C:/ST/STM32CubeIDE_1.14.1/STM32CubeIDE/plugins/com.st.stm32cube.ide.mcu.externaltools.gnu-tools-for-stm32.11.3.rel1.win32_1.1.100.202309141235/tools/bin/../lib/gcc/arm-none-eabi/11.3.1/../../../../arm-none-eabi/lib/thumb/v7e-m+fp/hard\libc_nano.a(libc_a-findfp.o)
                0x0000000008009a48                __sfp_lock_release
 .text.__sinit  0x0000000008009a54       0x30 C:/ST/STM32CubeIDE_1.14.1/STM32CubeIDE/plugins/com.st.stm32cube.ide.mcu.externaltools.gnu-tools-for-stm32.11.3.rel1.win32_1.1.100.202309141235/tools/bin/../lib/gcc/arm-none-eabi/11.3.1/../../../../arm-none-eabi/lib/thumb/v7e-m+fp/hard\libc_nano.a(libc_a-findfp.o)
                0x0000000008009a54                __sinit
 .text._fwalk_sglue
                0x0000000008009a84       0x3c C:/ST/STM32CubeIDE_1.14.1/STM32CubeIDE/plugins/com.st.stm32cube.ide.mcu.externaltools.gnu-tools-for-stm32.11.3.rel1.win32_1.1.100.202309141235/tools/bin/../lib/gcc/arm-none-eabi/11.3.1/../../../../arm-none-eabi/lib/thumb/v7e-m+fp/hard\libc_nano.a(libc_a-fwalk.o)
                0x0000000008009a84                _fwalk_sglue
 .text.printf   0x0000000008009ac0       0x24 C:/ST/STM32CubeIDE_1.14.1/STM32CubeIDE/plugins/com.st.stm32cube.ide.mcu.externaltools.gnu-tools-for-stm32.11.3.rel1.win32_1.1.100.202309141235/tools/bin/../lib/gcc/arm-none-eabi/11.3.1/../../../../arm-none-eabi/lib/thumb/v7e-m+fp/hard\libc_nano.a(libc_a-printf.o)
                0x0000000008009ac0                iprintf
                0x0000000008009ac0                printf
 .text.__sread  0x0000000008009ae4       0x22 C:/ST/STM32CubeIDE_1.14.1/STM32CubeIDE/plugins/com.st.stm32cube.ide.mcu.externaltools.gnu-tools-for-stm32.11.3.rel1.win32_1.1.100.202309141235/tools/bin/../lib/gcc/arm-none-eabi/11.3.1/../../../../arm-none-eabi/lib/thumb/v7e-m+fp/hard\libc_nano.a(libc_a-stdio.o)
                0x0000000008009ae4                __sread
 .text.__seofread
                0x0000000008009b06        0x4 C:/ST/STM32CubeIDE_1.14.1/STM32CubeIDE/plugins/com.st.stm32cube.ide.mcu.externaltools.gnu-tools-for-stm32.11.3.rel1.win32_1.1.100.202309141235/tools/bin/../lib/gcc/arm-none-eabi/11.3.1/../../../../arm-none-eabi/lib/thumb/v7e-m+fp/hard\libc_nano.a(libc_a-stdio.o)
                0x0000000008009b06                __seofread
 .text.__swrite
                0x0000000008009b0a       0x38 C:/ST/STM32CubeIDE_1.14.1/STM32CubeIDE/plugins/com.st.stm32cube.ide.mcu.externaltools.gnu-tools-for-stm32.11.3.rel1.win32_1.1.100.202309141235/tools/bin/../lib/gcc/arm-none-eabi/11.3.1/../../../../arm-none-eabi/lib/thumb/v7e-m+fp/hard\libc_nano.a(libc_a-stdio.o)
                0x0000000008009b0a                __swrite
 .text.__sseek  0x0000000008009b42       0x24 C:/ST/STM32CubeIDE_1.14.1/STM32CubeIDE/plugins/com.st.stm32cube.ide.mcu.externaltools.gnu-tools-for-stm32.11.3.rel1.win32_1.1.100.202309141235/tools/bin/../lib/gcc/arm-none-eabi/11.3.1/../../../../arm-none-eabi/lib/thumb/v7e-m+fp/hard\libc_nano.a(libc_a-stdio.o)
                0x0000000008009b42                __sseek
 .text.__sclose
                0x0000000008009b66        0x8 C:/ST/STM32CubeIDE_1.14.1/STM32CubeIDE/plugins/com.st.stm32cube.ide.mcu.externaltools.gnu-tools-for-stm32.11.3.rel1.win32_1.1.100.202309141235/tools/bin/../lib/gcc/arm-none-eabi/11.3.1/../../../../arm-none-eabi/lib/thumb/v7e-m+fp/hard\libc_nano.a(libc_a-stdio.o)
                0x0000000008009b66                __sclose
 .text.memcmp   0x0000000008009b6e       0x20 C:/ST/STM32CubeIDE_1.14.1/STM32CubeIDE/plugins/com.st.stm32cube.ide.mcu.externaltools.gnu-tools-for-stm32.11.3.rel1.win32_1.1.100.202309141235/tools/bin/../lib/gcc/arm-none-eabi/11.3.1/../../../../arm-none-eabi/lib/thumb/v7e-m+fp/hard\libc_nano.a(libc_a-memcmp.o)
                0x0000000008009b6e                memcmp
 .text.memset   0x0000000008009b8e       0x10 C:/ST/STM32CubeIDE_1.14.1/STM32CubeIDE/plugins/com.st.stm32cube.ide.mcu.externaltools.gnu-tools-for-stm32.11.3.rel1.win32_1.1.100.202309141235/tools/bin/../lib/gcc/arm-none-eabi/11.3.1/../../../../arm-none-eabi/lib/thumb/v7e-m+fp/hard\libc_nano.a(libc_a-memset.o)
                0x0000000008009b8e                memset
 .text.strncmp  0x0000000008009b9e       0x24 C:/ST/STM32CubeIDE_1.14.1/STM32CubeIDE/plugins/com.st.stm32cube.ide.mcu.externaltools.gnu-tools-for-stm32.11.3.rel1.win32_1.1.100.202309141235/tools/bin/../lib/gcc/arm-none-eabi/11.3.1/../../../../arm-none-eabi/lib/thumb/v7e-m+fp/hard\libc_nano.a(libc_a-strncmp.o)
                0x0000000008009b9e                strncmp
 *fill*         0x0000000008009bc2        0x2 
 .text.validate_structure
                0x0000000008009bc4      0x1ac C:/ST/STM32CubeIDE_1.14.1/STM32CubeIDE/plugins/com.st.stm32cube.ide.mcu.externaltools.gnu-tools-for-stm32.11.3.rel1.win32_1.1.100.202309141235/tools/bin/../lib/gcc/arm-none-eabi/11.3.1/../../../../arm-none-eabi/lib/thumb/v7e-m+fp/hard\libc_nano.a(libc_a-mktime.o)
 .text.mktime   0x0000000008009d70      0x338 C:/ST/STM32CubeIDE_1.14.1/STM32CubeIDE/plugins/com.st.stm32cube.ide.mcu.externaltools.gnu-tools-for-stm32.11.3.rel1.win32_1.1.100.202309141235/tools/bin/../lib/gcc/arm-none-eabi/11.3.1/../../../../arm-none-eabi/lib/thumb/v7e-m+fp/hard\libc_nano.a(libc_a-mktime.o)
                0x0000000008009d70                mktime
 .text.__tzcalc_limits
                0x000000000800a0a8      0x14c C:/ST/STM32CubeIDE_1.14.1/STM32CubeIDE/plugins/com.st.stm32cube.ide.mcu.externaltools.gnu-tools-for-stm32.11.3.rel1.win32_1.1.100.202309141235/tools/bin/../lib/gcc/arm-none-eabi/11.3.1/../../../../arm-none-eabi/lib/thumb/v7e-m+fp/hard\libc_nano.a(libc_a-tzcalc_limits.o)
                0x000000000800a0a8                __tzcalc_limits
 .text.__tz_lock
                0x000000000800a1f4        0xc C:/ST/STM32CubeIDE_1.14.1/STM32CubeIDE/plugins/com.st.stm32cube.ide.mcu.externaltools.gnu-tools-for-stm32.11.3.rel1.win32_1.1.100.202309141235/tools/bin/../lib/gcc/arm-none-eabi/11.3.1/../../../../arm-none-eabi/lib/thumb/v7e-m+fp/hard\libc_nano.a(libc_a-tzlock.o)
                0x000000000800a1f4                __tz_lock
 .text.__tz_unlock
                0x000000000800a200        0xc C:/ST/STM32CubeIDE_1.14.1/STM32CubeIDE/plugins/com.st.stm32cube.ide.mcu.externaltools.gnu-tools-for-stm32.11.3.rel1.win32_1.1.100.202309141235/tools/bin/../lib/gcc/arm-none-eabi/11.3.1/../../../../arm-none-eabi/lib/thumb/v7e-m+fp/hard\libc_nano.a(libc_a-tzlock.o)
                0x000000000800a200                __tz_unlock
 .text._tzset_unlocked
                0x000000000800a20c        0xc C:/ST/STM32CubeIDE_1.14.1/STM32CubeIDE/plugins/com.st.stm32cube.ide.mcu.externaltools.gnu-tools-for-stm32.11.3.rel1.win32_1.1.100.202309141235/tools/bin/../lib/gcc/arm-none-eabi/11.3.1/../../../../arm-none-eabi/lib/thumb/v7e-m+fp/hard\libc_nano.a(libc_a-tzset.o)
                0x000000000800a20c                _tzset_unlocked
 .text._tzset_unlocked_r
                0x000000000800a218      0x440 C:/ST/STM32CubeIDE_1.14.1/STM32CubeIDE/plugins/com.st.stm32cube.ide.mcu.externaltools.gnu-tools-for-stm32.11.3.rel1.win32_1.1.100.202309141235/tools/bin/../lib/gcc/arm-none-eabi/11.3.1/../../../../arm-none-eabi/lib/thumb/v7e-m+fp/hard\libc_nano.a(libc_a-tzset_r.o)
                0x000000000800a218                _tzset_unlocked_r
 .text._close_r
                0x000000000800a658       0x20 C:/ST/STM32CubeIDE_1.14.1/STM32CubeIDE/plugins/com.st.stm32cube.ide.mcu.externaltools.gnu-tools-for-stm32.11.3.rel1.win32_1.1.100.202309141235/tools/bin/../lib/gcc/arm-none-eabi/11.3.1/../../../../arm-none-eabi/lib/thumb/v7e-m+fp/hard\libc_nano.a(libc_a-closer.o)
                0x000000000800a658                _close_r
 .text._lseek_r
                0x000000000800a678       0x24 C:/ST/STM32CubeIDE_1.14.1/STM32CubeIDE/plugins/com.st.stm32cube.ide.mcu.externaltools.gnu-tools-for-stm32.11.3.rel1.win32_1.1.100.202309141235/tools/bin/../lib/gcc/arm-none-eabi/11.3.1/../../../../arm-none-eabi/lib/thumb/v7e-m+fp/hard\libc_nano.a(libc_a-lseekr.o)
                0x000000000800a678                _lseek_r
 .text._read_r  0x000000000800a69c       0x24 C:/ST/STM32CubeIDE_1.14.1/STM32CubeIDE/plugins/com.st.stm32cube.ide.mcu.externaltools.gnu-tools-for-stm32.11.3.rel1.win32_1.1.100.202309141235/tools/bin/../lib/gcc/arm-none-eabi/11.3.1/../../../../arm-none-eabi/lib/thumb/v7e-m+fp/hard\libc_nano.a(libc_a-readr.o)
                0x000000000800a69c                _read_r
 .text._write_r
                0x000000000800a6c0       0x24 C:/ST/STM32CubeIDE_1.14.1/STM32CubeIDE/plugins/com.st.stm32cube.ide.mcu.externaltools.gnu-tools-for-stm32.11.3.rel1.win32_1.1.100.202309141235/tools/bin/../lib/gcc/arm-none-eabi/11.3.1/../../../../arm-none-eabi/lib/thumb/v7e-m+fp/hard\libc_nano.a(libc_a-writer.o)
                0x000000000800a6c0                _write_r
 .text.__errno  0x000000000800a6e4        0xc C:/ST/STM32CubeIDE_1.14.1/STM32CubeIDE/plugins/com.st.stm32cube.ide.mcu.externaltools.gnu-tools-for-stm32.11.3.rel1.win32_1.1.100.202309141235/tools/bin/../lib/gcc/arm-none-eabi/11.3.1/../../../../arm-none-eabi/lib/thumb/v7e-m+fp/hard\libc_nano.a(libc_a-errno.o)
                0x000000000800a6e4                __errno
 .text.__libc_init_array
                0x000000000800a6f0       0x48 C:/ST/STM32CubeIDE_1.14.1/STM32CubeIDE/plugins/com.st.stm32cube.ide.mcu.externaltools.gnu-tools-for-stm32.11.3.rel1.win32_1.1.100.202309141235/tools/bin/../lib/gcc/arm-none-eabi/11.3.1/../../../../arm-none-eabi/lib/thumb/v7e-m+fp/hard\libc_nano.a(libc_a-init.o)
                0x000000000800a6f0                __libc_init_array
 .text.__retarget_lock_init_recursive
                0x000000000800a738        0x2 C:/ST/STM32CubeIDE_1.14.1/STM32CubeIDE/plugins/com.st.stm32cube.ide.mcu.externaltools.gnu-tools-for-stm32.11.3.rel1.win32_1.1.100.202309141235/tools/bin/../lib/gcc/arm-none-eabi/11.3.1/../../../../arm-none-eabi/lib/thumb/v7e-m+fp/hard\libc_nano.a(libc_a-lock.o)
                0x000000000800a738                __retarget_lock_init_recursive
 .text.__retarget_lock_acquire
                0x000000000800a73a        0x2 C:/ST/STM32CubeIDE_1.14.1/STM32CubeIDE/plugins/com.st.stm32cube.ide.mcu.externaltools.gnu-tools-for-stm32.11.3.rel1.win32_1.1.100.202309141235/tools/bin/../lib/gcc/arm-none-eabi/11.3.1/../../../../arm-none-eabi/lib/thumb/v7e-m+fp/hard\libc_nano.a(libc_a-lock.o)
                0x000000000800a73a                __retarget_lock_acquire
 .text.__retarget_lock_acquire_recursive
                0x000000000800a73c        0x2 C:/ST/STM32CubeIDE_1.14.1/STM32CubeIDE/plugins/com.st.stm32cube.ide.mcu.externaltools.gnu-tools-for-stm32.11.3.rel1.win32_1.1.100.202309141235/tools/bin/../lib/gcc/arm-none-eabi/11.3.1/../../../../arm-none-eabi/lib/thumb/v7e-m+fp/hard\libc_nano.a(libc_a-lock.o)
                0x000000000800a73c                __retarget_lock_acquire_recursive
 .text.__retarget_lock_release
                0x000000000800a73e        0x2 C:/ST/STM32CubeIDE_1.14.1/STM32CubeIDE/plugins/com.st.stm32cube.ide.mcu.externaltools.gnu-tools-for-stm32.11.3.rel1.win32_1.1.100.202309141235/tools/bin/../lib/gcc/arm-none-eabi/11.3.1/../../../../arm-none-eabi/lib/thumb/v7e-m+fp/hard\libc_nano.a(libc_a-lock.o)
                0x000000000800a73e                __retarget_lock_release
 .text.__retarget_lock_release_recursive
                0x000000000800a740        0x2 C:/ST/STM32CubeIDE_1.14.1/STM32CubeIDE/plugins/com.st.stm32cube.ide.mcu.externaltools.gnu-tools-for-stm32.11.3.rel1.win32_1.1.100.202309141235/tools/bin/../lib/gcc/arm-none-eabi/11.3.1/../../../../arm-none-eabi/lib/thumb/v7e-m+fp/hard\libc_nano.a(libc_a-lock.o)
                0x000000000800a740                __retarget_lock_release_recursive
 .text.strcpy   0x000000000800a742       0x10 C:/ST/STM32CubeIDE_1.14.1/STM32CubeIDE/plugins/com.st.stm32cube.ide.mcu.externaltools.gnu-tools-for-stm32.11.3.rel1.win32_1.1.100.202309141235/tools/bin/../lib/gcc/arm-none-eabi/11.3.1/../../../../arm-none-eabi/lib/thumb/v7e-m+fp/hard\libc_nano.a(libc_a-strcpy.o)
                0x000000000800a742                strcpy
 .text.memcpy   0x000000000800a752       0x1c C:/ST/STM32CubeIDE_1.14.1/STM32CubeIDE/plugins/com.st.stm32cube.ide.mcu.externaltools.gnu-tools-for-stm32.11.3.rel1.win32_1.1.100.202309141235/tools/bin/../lib/gcc/arm-none-eabi/11.3.1/../../../../arm-none-eabi/lib/thumb/v7e-m+fp/hard\libc_nano.a(libc_a-memcpy-stub.o)
                0x000000000800a752                memcpy
 *fill*         0x000000000800a76e        0x2 
 .text.__assert_func
                0x000000000800a770       0x3c C:/ST/STM32CubeIDE_1.14.1/STM32CubeIDE/plugins/com.st.stm32cube.ide.mcu.externaltools.gnu-tools-for-stm32.11.3.rel1.win32_1.1.100.202309141235/tools/bin/../lib/gcc/arm-none-eabi/11.3.1/../../../../arm-none-eabi/lib/thumb/v7e-m+fp/hard\libc_nano.a(libc_a-assert.o)
                0x000000000800a770                __assert_func
 .text.div      0x000000000800a7ac       0x28 C:/ST/STM32CubeIDE_1.14.1/STM32CubeIDE/plugins/com.st.stm32cube.ide.mcu.externaltools.gnu-tools-for-stm32.11.3.rel1.win32_1.1.100.202309141235/tools/bin/../lib/gcc/arm-none-eabi/11.3.1/../../../../arm-none-eabi/lib/thumb/v7e-m+fp/hard\libc_nano.a(libc_a-div.o)
                0x000000000800a7ac                div
 .text._free_r  0x000000000800a7d4       0x98 C:/ST/STM32CubeIDE_1.14.1/STM32CubeIDE/plugins/com.st.stm32cube.ide.mcu.externaltools.gnu-tools-for-stm32.11.3.rel1.win32_1.1.100.202309141235/tools/bin/../lib/gcc/arm-none-eabi/11.3.1/../../../../arm-none-eabi/lib/thumb/v7e-m+fp/hard\libc_nano.a(libc_a-freer.o)
                0x000000000800a7d4                _free_r
 .text._findenv_r
                0x000000000800a86c       0x78 C:/ST/STM32CubeIDE_1.14.1/STM32CubeIDE/plugins/com.st.stm32cube.ide.mcu.externaltools.gnu-tools-for-stm32.11.3.rel1.win32_1.1.100.202309141235/tools/bin/../lib/gcc/arm-none-eabi/11.3.1/../../../../arm-none-eabi/lib/thumb/v7e-m+fp/hard\libc_nano.a(libc_a-getenv_r.o)
                0x000000000800a86c                _findenv_r
 .text._getenv_r
                0x000000000800a8e4        0xe C:/ST/STM32CubeIDE_1.14.1/STM32CubeIDE/plugins/com.st.stm32cube.ide.mcu.externaltools.gnu-tools-for-stm32.11.3.rel1.win32_1.1.100.202309141235/tools/bin/../lib/gcc/arm-none-eabi/11.3.1/../../../../arm-none-eabi/lib/thumb/v7e-m+fp/hard\libc_nano.a(libc_a-getenv_r.o)
                0x000000000800a8e4                _getenv_r
 *fill*         0x000000000800a8f2        0x2 
 .text.malloc   0x000000000800a8f4       0x10 C:/ST/STM32CubeIDE_1.14.1/STM32CubeIDE/plugins/com.st.stm32cube.ide.mcu.externaltools.gnu-tools-for-stm32.11.3.rel1.win32_1.1.100.202309141235/tools/bin/../lib/gcc/arm-none-eabi/11.3.1/../../../../arm-none-eabi/lib/thumb/v7e-m+fp/hard\libc_nano.a(libc_a-malloc.o)
                0x000000000800a8f4                malloc
 .text.free     0x000000000800a904       0x10 C:/ST/STM32CubeIDE_1.14.1/STM32CubeIDE/plugins/com.st.stm32cube.ide.mcu.externaltools.gnu-tools-for-stm32.11.3.rel1.win32_1.1.100.202309141235/tools/bin/../lib/gcc/arm-none-eabi/11.3.1/../../../../arm-none-eabi/lib/thumb/v7e-m+fp/hard\libc_nano.a(libc_a-malloc.o)
                0x000000000800a904                free
 .text.sbrk_aligned
                0x000000000800a914       0x40 C:/ST/STM32CubeIDE_1.14.1/STM32CubeIDE/plugins/com.st.stm32cube.ide.mcu.externaltools.gnu-tools-for-stm32.11.3.rel1.win32_1.1.100.202309141235/tools/bin/../lib/gcc/arm-none-eabi/11.3.1/../../../../arm-none-eabi/lib/thumb/v7e-m+fp/hard\libc_nano.a(libc_a-mallocr.o)
 .text._malloc_r
                0x000000000800a954      0x100 C:/ST/STM32CubeIDE_1.14.1/STM32CubeIDE/plugins/com.st.stm32cube.ide.mcu.externaltools.gnu-tools-for-stm32.11.3.rel1.win32_1.1.100.202309141235/tools/bin/../lib/gcc/arm-none-eabi/11.3.1/../../../../arm-none-eabi/lib/thumb/v7e-m+fp/hard\libc_nano.a(libc_a-mallocr.o)
                0x000000000800a954                _malloc_r
 .text.__malloc_lock
                0x000000000800aa54        0xc C:/ST/STM32CubeIDE_1.14.1/STM32CubeIDE/plugins/com.st.stm32cube.ide.mcu.externaltools.gnu-tools-for-stm32.11.3.rel1.win32_1.1.100.202309141235/tools/bin/../lib/gcc/arm-none-eabi/11.3.1/../../../../arm-none-eabi/lib/thumb/v7e-m+fp/hard\libc_nano.a(libc_a-mlock.o)
                0x000000000800aa54                __malloc_lock
 .text.__malloc_unlock
                0x000000000800aa60        0xc C:/ST/STM32CubeIDE_1.14.1/STM32CubeIDE/plugins/com.st.stm32cube.ide.mcu.externaltools.gnu-tools-for-stm32.11.3.rel1.win32_1.1.100.202309141235/tools/bin/../lib/gcc/arm-none-eabi/11.3.1/../../../../arm-none-eabi/lib/thumb/v7e-m+fp/hard\libc_nano.a(libc_a-mlock.o)
                0x000000000800aa60                __malloc_unlock
 .text._strtoul_l.constprop.0
                0x000000000800aa6c       0xe4 C:/ST/STM32CubeIDE_1.14.1/STM32CubeIDE/plugins/com.st.stm32cube.ide.mcu.externaltools.gnu-tools-for-stm32.11.3.rel1.win32_1.1.100.202309141235/tools/bin/../lib/gcc/arm-none-eabi/11.3.1/../../../../arm-none-eabi/lib/thumb/v7e-m+fp/hard\libc_nano.a(libc_a-strtoul.o)
 .text._strtoul_r
                0x000000000800ab50        0x4 C:/ST/STM32CubeIDE_1.14.1/STM32CubeIDE/plugins/com.st.stm32cube.ide.mcu.externaltools.gnu-tools-for-stm32.11.3.rel1.win32_1.1.100.202309141235/tools/bin/../lib/gcc/arm-none-eabi/11.3.1/../../../../arm-none-eabi/lib/thumb/v7e-m+fp/hard\libc_nano.a(libc_a-strtoul.o)
                0x000000000800ab50                _strtoul_r
 .text.strtoul  0x000000000800ab54       0x14 C:/ST/STM32CubeIDE_1.14.1/STM32CubeIDE/plugins/com.st.stm32cube.ide.mcu.externaltools.gnu-tools-for-stm32.11.3.rel1.win32_1.1.100.202309141235/tools/bin/../lib/gcc/arm-none-eabi/11.3.1/../../../../arm-none-eabi/lib/thumb/v7e-m+fp/hard\libc_nano.a(libc_a-strtoul.o)
                0x000000000800ab54                strtoul
 .text.__sfputc_r
                0x000000000800ab68       0x2e C:/ST/STM32CubeIDE_1.14.1/STM32CubeIDE/plugins/com.st.stm32cube.ide.mcu.externaltools.gnu-tools-for-stm32.11.3.rel1.win32_1.1.100.202309141235/tools/bin/../lib/gcc/arm-none-eabi/11.3.1/../../../../arm-none-eabi/lib/thumb/v7e-m+fp/hard\libc_nano.a(libc_a-nano-vfprintf.o)
 .text.__sfputs_r
                0x000000000800ab96       0x24 C:/ST/STM32CubeIDE_1.14.1/STM32CubeIDE/plugins/com.st.stm32cube.ide.mcu.externaltools.gnu-tools-for-stm32.11.3.rel1.win32_1.1.100.202309141235/tools/bin/../lib/gcc/arm-none-eabi/11.3.1/../../../../arm-none-eabi/lib/thumb/v7e-m+fp/hard\libc_nano.a(libc_a-nano-vfprintf.o)
                0x000000000800ab96                __sfputs_r
 *fill*         0x000000000800abba        0x2 
 .text._vfprintf_r
                0x000000000800abbc      0x234 C:/ST/STM32CubeIDE_1.14.1/STM32CubeIDE/plugins/com.st.stm32cube.ide.mcu.externaltools.gnu-tools-for-stm32.11.3.rel1.win32_1.1.100.202309141235/tools/bin/../lib/gcc/arm-none-eabi/11.3.1/../../../../arm-none-eabi/lib/thumb/v7e-m+fp/hard\libc_nano.a(libc_a-nano-vfprintf.o)
                0x000000000800abbc                _vfprintf_r
                0x000000000800abbc                _vfiprintf_r
 .text._printf_common
                0x000000000800adf0       0xda C:/ST/STM32CubeIDE_1.14.1/STM32CubeIDE/plugins/com.st.stm32cube.ide.mcu.externaltools.gnu-tools-for-stm32.11.3.rel1.win32_1.1.100.202309141235/tools/bin/../lib/gcc/arm-none-eabi/11.3.1/../../../../arm-none-eabi/lib/thumb/v7e-m+fp/hard\libc_nano.a(libc_a-nano-vfprintf_i.o)
                0x000000000800adf0                _printf_common
 *fill*         0x000000000800aeca        0x2 
 .text._printf_i
                0x000000000800aecc      0x244 C:/ST/STM32CubeIDE_1.14.1/STM32CubeIDE/plugins/com.st.stm32cube.ide.mcu.externaltools.gnu-tools-for-stm32.11.3.rel1.win32_1.1.100.202309141235/tools/bin/../lib/gcc/arm-none-eabi/11.3.1/../../../../arm-none-eabi/lib/thumb/v7e-m+fp/hard\libc_nano.a(libc_a-nano-vfprintf_i.o)
                0x000000000800aecc                _printf_i
 .text.__sflush_r
                0x000000000800b110      0x10c C:/ST/STM32CubeIDE_1.14.1/STM32CubeIDE/plugins/com.st.stm32cube.ide.mcu.externaltools.gnu-tools-for-stm32.11.3.rel1.win32_1.1.100.202309141235/tools/bin/../lib/gcc/arm-none-eabi/11.3.1/../../../../arm-none-eabi/lib/thumb/v7e-m+fp/hard\libc_nano.a(libc_a-fflush.o)
                0x000000000800b110                __sflush_r
 .text._fflush_r
                0x000000000800b21c       0x50 C:/ST/STM32CubeIDE_1.14.1/STM32CubeIDE/plugins/com.st.stm32cube.ide.mcu.externaltools.gnu-tools-for-stm32.11.3.rel1.win32_1.1.100.202309141235/tools/bin/../lib/gcc/arm-none-eabi/11.3.1/../../../../arm-none-eabi/lib/thumb/v7e-m+fp/hard\libc_nano.a(libc_a-fflush.o)
                0x000000000800b21c                _fflush_r
 .text.fprintf  0x000000000800b26c       0x24 C:/ST/STM32CubeIDE_1.14.1/STM32CubeIDE/plugins/com.st.stm32cube.ide.mcu.externaltools.gnu-tools-for-stm32.11.3.rel1.win32_1.1.100.202309141235/tools/bin/../lib/gcc/arm-none-eabi/11.3.1/../../../../arm-none-eabi/lib/thumb/v7e-m+fp/hard\libc_nano.a(libc_a-fprintf.o)
                0x000000000800b26c                fiprintf
                0x000000000800b26c                fprintf
 .text.sscanf   0x000000000800b290       0x58 C:/ST/STM32CubeIDE_1.14.1/STM32CubeIDE/plugins/com.st.stm32cube.ide.mcu.externaltools.gnu-tools-for-stm32.11.3.rel1.win32_1.1.100.202309141235/tools/bin/../lib/gcc/arm-none-eabi/11.3.1/../../../../arm-none-eabi/lib/thumb/v7e-m+fp/hard\libc_nano.a(libc_a-sscanf.o)
                0x000000000800b290                siscanf
                0x000000000800b290                sscanf
 .text.__swbuf_r
                0x000000000800b2e8       0x7a C:/ST/STM32CubeIDE_1.14.1/STM32CubeIDE/plugins/com.st.stm32cube.ide.mcu.externaltools.gnu-tools-for-stm32.11.3.rel1.win32_1.1.100.202309141235/tools/bin/../lib/gcc/arm-none-eabi/11.3.1/../../../../arm-none-eabi/lib/thumb/v7e-m+fp/hard\libc_nano.a(libc_a-wbuf.o)
                0x000000000800b2e8                __swbuf_r
 *fill*         0x000000000800b362        0x2 
 .text.__swsetup_r
                0x000000000800b364       0xb0 C:/ST/STM32CubeIDE_1.14.1/STM32CubeIDE/plugins/com.st.stm32cube.ide.mcu.externaltools.gnu-tools-for-stm32.11.3.rel1.win32_1.1.100.202309141235/tools/bin/../lib/gcc/arm-none-eabi/11.3.1/../../../../arm-none-eabi/lib/thumb/v7e-m+fp/hard\libc_nano.a(libc_a-wsetup.o)
                0x000000000800b364                __swsetup_r
 .text.__gettzinfo
                0x000000000800b414        0x8 C:/ST/STM32CubeIDE_1.14.1/STM32CubeIDE/plugins/com.st.stm32cube.ide.mcu.externaltools.gnu-tools-for-stm32.11.3.rel1.win32_1.1.100.202309141235/tools/bin/../lib/gcc/arm-none-eabi/11.3.1/../../../../arm-none-eabi/lib/thumb/v7e-m+fp/hard\libc_nano.a(libc_a-gettzinfo.o)
                0x000000000800b414                __gettzinfo
 .text._sbrk_r  0x000000000800b41c       0x20 C:/ST/STM32CubeIDE_1.14.1/STM32CubeIDE/plugins/com.st.stm32cube.ide.mcu.externaltools.gnu-tools-for-stm32.11.3.rel1.win32_1.1.100.202309141235/tools/bin/../lib/gcc/arm-none-eabi/11.3.1/../../../../arm-none-eabi/lib/thumb/v7e-m+fp/hard\libc_nano.a(libc_a-sbrkr.o)
                0x000000000800b41c                _sbrk_r
 .text.abort    0x000000000800b43c        0xe C:/ST/STM32CubeIDE_1.14.1/STM32CubeIDE/plugins/com.st.stm32cube.ide.mcu.externaltools.gnu-tools-for-stm32.11.3.rel1.win32_1.1.100.202309141235/tools/bin/../lib/gcc/arm-none-eabi/11.3.1/../../../../arm-none-eabi/lib/thumb/v7e-m+fp/hard\libc_nano.a(libc_a-abort.o)
                0x000000000800b43c                abort
 *fill*         0x000000000800b44a        0x2 
 .text.__env_lock
                0x000000000800b44c        0xc C:/ST/STM32CubeIDE_1.14.1/STM32CubeIDE/plugins/com.st.stm32cube.ide.mcu.externaltools.gnu-tools-for-stm32.11.3.rel1.win32_1.1.100.202309141235/tools/bin/../lib/gcc/arm-none-eabi/11.3.1/../../../../arm-none-eabi/lib/thumb/v7e-m+fp/hard\libc_nano.a(libc_a-envlock.o)
                0x000000000800b44c                __env_lock
 .text.__env_unlock
                0x000000000800b458        0xc C:/ST/STM32CubeIDE_1.14.1/STM32CubeIDE/plugins/com.st.stm32cube.ide.mcu.externaltools.gnu-tools-for-stm32.11.3.rel1.win32_1.1.100.202309141235/tools/bin/../lib/gcc/arm-none-eabi/11.3.1/../../../../arm-none-eabi/lib/thumb/v7e-m+fp/hard\libc_nano.a(libc_a-envlock.o)
                0x000000000800b458                __env_unlock
 .text._realloc_r
                0x000000000800b464       0x5e C:/ST/STM32CubeIDE_1.14.1/STM32CubeIDE/plugins/com.st.stm32cube.ide.mcu.externaltools.gnu-tools-for-stm32.11.3.rel1.win32_1.1.100.202309141235/tools/bin/../lib/gcc/arm-none-eabi/11.3.1/../../../../arm-none-eabi/lib/thumb/v7e-m+fp/hard\libc_nano.a(libc_a-reallocr.o)
                0x000000000800b464                _realloc_r
 .text._sungetc_r
                0x000000000800b4c2       0x7a C:/ST/STM32CubeIDE_1.14.1/STM32CubeIDE/plugins/com.st.stm32cube.ide.mcu.externaltools.gnu-tools-for-stm32.11.3.rel1.win32_1.1.100.202309141235/tools/bin/../lib/gcc/arm-none-eabi/11.3.1/../../../../arm-none-eabi/lib/thumb/v7e-m+fp/hard\libc_nano.a(libc_a-nano-svfscanf.o)
                0x000000000800b4c2                _sungetc_r
 .text.__ssrefill_r
                0x000000000800b53c       0x3a C:/ST/STM32CubeIDE_1.14.1/STM32CubeIDE/plugins/com.st.stm32cube.ide.mcu.externaltools.gnu-tools-for-stm32.11.3.rel1.win32_1.1.100.202309141235/tools/bin/../lib/gcc/arm-none-eabi/11.3.1/../../../../arm-none-eabi/lib/thumb/v7e-m+fp/hard\libc_nano.a(libc_a-nano-svfscanf.o)
                0x000000000800b53c                __ssrefill_r
 *fill*         0x000000000800b576        0x2 
 .text.__ssvfscanf_r